 luafar3

 Timestamp is 64827143 (Fri Jun  9 01:24:35 2023)

 Preferred load address is 10000000

 Start         Length     Name                   Class
 0001:00000000 0004aa20H .text$mn                CODE
 0001:0004aa20 00000040H .text$x                 CODE
 0001:0004aa60 00000087H .text$yd                CODE
 0002:00000000 0000039cH .idata$5                DATA
 0002:0000039c 00000004H .00cfg                  DATA
 0002:000003a0 00000004H .CRT$XCA                DATA
 0002:000003a4 00000004H .CRT$XCZ                DATA
 0002:000003a8 00000004H .CRT$XIA                DATA
 0002:000003ac 0000000cH .CRT$XIC                DATA
 0002:000003b8 00000004H .CRT$XIZ                DATA
 0002:000003bc 00000004H .CRT$XPA                DATA
 0002:000003c0 0000000cH .CRT$XPX                DATA
 0002:000003cc 00000004H .CRT$XPXA               DATA
 0002:000003d0 00000004H .CRT$XPZ                DATA
 0002:000003d4 00000004H .CRT$XTA                DATA
 0002:000003d8 00000008H .CRT$XTZ                DATA
 0002:000003dc 00000000H .gfids$y                DATA
 0002:000003e0 000124a0H .rdata                  DATA
 0002:00012880 00000000H .rdata$CastGuardVftablesA DATA
 0002:00012880 00000000H .rdata$CastGuardVftablesC DATA
 0002:00012880 000000dcH .rdata$r                DATA
 0002:0001295c 00000018H .rdata$sxdata           DATA
 0002:00012974 00000030H .rdata$voltmd           DATA
 0002:000129a4 00000310H .rdata$zzzdbg           DATA
 0002:00012cb4 00000004H .rtc$IAA                DATA
 0002:00012cb8 00000004H .rtc$IZZ                DATA
 0002:00012cbc 00000004H .rtc$TAA                DATA
 0002:00012cc0 00000008H .rtc$TZZ                DATA
 0002:00012cc8 00000988H .xdata$x                DATA
 0002:00013650 0000049cH .edata                  DATA
 0002:00013aec 00000078H .idata$2                DATA
 0002:00013b64 00000014H .idata$3                DATA
 0002:00013b78 0000039cH .idata$4                DATA
 0002:00013f14 00000fdaH .idata$6                DATA
 0003:00000000 0000c140H .data                   DATA
 0003:0000c140 0000003cH .data$r                 DATA
 0003:0000c17c 0000001cH .data$rs                DATA
 0003:0000c198 00000b20H .bss                    DATA
 0004:00000000 00000060H .rsrc$01                DATA
 0004:00000060 00000320H .rsrc$02                DATA

  Address         Publics by Value              Rva+Base       Lib:Object

 0000:00000000       ___guard_fids_count        00000000     <absolute>
 0000:00000000       ___guard_eh_cont_count     00000000     <absolute>
 0000:00000000       ___guard_iat_count         00000000     <absolute>
 0000:00000000       ___hybrid_code_map_count   00000000     <absolute>
 0000:00000000       __except_list              00000000     <absolute>
 0000:00000000       ___x64_code_ranges_to_entry_points 00000000     <absolute>
 0000:00000000       ___x64_code_ranges_to_entry_points_count 00000000     <absolute>
 0000:00000000       ___guard_iat_table         00000000     <absolute>
 0000:00000000       ___hybrid_code_map         00000000     <absolute>
 0000:00000000       ___guard_eh_cont_table     00000000     <absolute>
 0000:00000000       ___arm64x_extra_rfe_table_size 00000000     <absolute>
 0000:00000000       ___arm64x_redirection_metadata 00000000     <absolute>
 0000:00000000       ___arm64x_extra_rfe_table  00000000     <absolute>
 0000:00000000       ___guard_longjmp_count     00000000     <absolute>
 0000:00000000       ___guard_check_icall_a64n_fptr 00000000     <absolute>
 0000:00000000       ___arm64x_redirection_metadata_count 00000000     <absolute>
 0000:00000000       ___hybrid_auxiliary_iat    00000000     <absolute>
 0000:00000000       ___dynamic_value_reloc_table 00000000     <absolute>
 0000:00000000       ___guard_longjmp_table     00000000     <absolute>
 0000:00000000       ___AbsoluteZero            00000000     <absolute>
 0000:00000000       ___enclave_config          00000000     <absolute>
 0000:00000000       ___guard_fids_table        00000000     <absolute>
 0000:00000000       ___arm64x_native_entrypoint 00000000     <absolute>
 0000:00000000       ___hybrid_auxiliary_iat_copy 00000000     <absolute>
 0000:00000006       ___safe_se_handler_count   00000006     <absolute>
 0000:00000100       ___guard_flags             00000100     <absolute>
 0000:00000000       ___ImageBase               10000000     <linker-defined>
 0001:00000000       ___local_stdio_printf_options 10001000 f i bit64.obj
 0001:00000010       _sprintf                   10001010 f i bit64.obj
 0001:00000050       _bit64_pushuserdata        10001050 f   bit64.obj
 0001:00000090       _bit64_push                10001090 f   bit64.obj
 0001:00000130       _bit64_getvalue            10001130 f   bit64.obj
 0001:000001b0       _check64                   100011b0 f   bit64.obj
 0001:00000dc0       _luaopen_bit64             10001dc0 f   bit64.obj
 0001:00000e20       _traceback                 10001e20 f   exported.obj
 0001:00000ec0       _GetExportFunction         10001ec0 f   exported.obj
 0001:00000f60       _pcall_msg                 10001f60 f   exported.obj
 0001:000010e0       _PushPluginObject          100020e0 f   exported.obj
 0001:00001140       _PushPluginPair            10002140 f   exported.obj
 0001:000011a0       _ReplacePluginInfoCollector 100021a0 f   exported.obj
 0001:000011d0       __AddStringToCollector     100021d0 f   exported.obj
 0001:000012c0       _AddStringToCollectorField 100022c0 f   exported.obj
 0001:000012f0       _AddBufToCollector         100022f0 f   exported.obj
 0001:00001340       _CreateStringsArray        10002340 f   exported.obj
 0001:00001450       _FarPanelItemFreeCallback@8 10002450 f   exported.obj
 0001:00001480       _FillPluginPanelItem       10002480 f   exported.obj
 0001:00001b20       _FillFindData              10002b20 f   exported.obj
 0001:00001ee0       _LF_GetFindData            10002ee0 f   exported.obj
 0001:00001fd0       _LF_FreeFindData           10002fd0 f   exported.obj
 0001:00002030       _UpdateFileSelection       10003030 f   exported.obj
 0001:000021d0       _LF_GetFiles               100031d0 f   exported.obj
 0001:000023c0       _RunDefaultScript          100033c0 f   exported.obj
 0001:00002680       _LF_RunDefaultScript       10003680 f   exported.obj
 0001:00002850       _LF_Analyse                10003850 f   exported.obj
 0001:000028f0       _LF_CloseAnalyse           100038f0 f   exported.obj
 0001:00002910       _LF_GetOpenPanelInfo       10003910 f   exported.obj
 0001:00003200       _PushFarMacroValue         10004200 f   exported.obj
 0001:000033b0       _PackMacroValues           100043b0 f   exported.obj
 0001:000036f0       _LF_Open                   100046f0 f   exported.obj
 0001:00003c10       _LF_ClosePanel             10004c10 f   exported.obj
 0001:00003c70       _LF_Compare                10004c70 f   exported.obj
 0001:00003d00       _LF_Configure              10004d00 f   exported.obj
 0001:00003d60       _LF_DeleteFiles            10004d60 f   exported.obj
 0001:00003e30       _LF_MakeDirectory          10004e30 f   exported.obj
 0001:00003f00       _LF_ProcessPanelEvent      10004f00 f   exported.obj
 0001:00004040       _LF_ProcessHostFile        10005040 f   exported.obj
 0001:00004140       _LF_ProcessPanelInput      10005140 f   exported.obj
 0001:000041b0       _LF_PutFiles               100051b0 f   exported.obj
 0001:00004360       _LF_SetDirectory           10005360 f   exported.obj
 0001:000044a0       _LF_SetFindList            100054a0 f   exported.obj
 0001:00004550       _LF_ExitFAR                10005550 f   exported.obj
 0001:000045d0       _getPluginMenuItems        100055d0 f   exported.obj
 0001:00004670       _LF_GetPluginInfo          10005670 f   exported.obj
 0001:000047d0       _LF_ProcessEditorInput     100057d0 f   exported.obj
 0001:00004830       _LF_ProcessEditorEvent     10005830 f   exported.obj
 0001:00004b00       _LF_ProcessViewerEvent     10005b00 f   exported.obj
 0001:00004bb0       _LF_ProcessDialogEvent     10005bb0 f   exported.obj
 0001:00004f30       _LF_ProcessSynchroEvent    10005f30 f   exported.obj
 0001:000050b0       _LF_GetContentFields       100060b0 f   exported.obj
 0001:000051f0       _LF_GetContentData         100061f0 f   exported.obj
 0001:000054e0       _LF_FreeContentData        100064e0 f   exported.obj
 0001:00005510       _LF_GetGlobalInfo          10006510 f   exported.obj
 0001:000058b0       _LF_ProcessConsoleInput    100068b0 f   exported.obj
 0001:00005a70       _LF_LoadFile               10006a70 f   lflua.obj
 0001:00005db0       _luaB_loadfileW            10006db0 f   lflua.obj
 0001:00005ea0       _luaB_dofileW              10006ea0 f   lflua.obj
 0001:00005f90       _LF_Gsub                   10006f90 f   lflua.obj
 0001:000060f0       _method_gc                 100070f0 f   lregex.obj
 0001:00006150       _method_tostring           10007150 f   lregex.obj
 0001:000061a0       _check_regex_pattern       100071a0 f   lregex.obj
 0001:00006240       _push_far_regex            10007240 f   lregex.obj
 0001:000062c0       __regex_gmatch_closure     100072c0 f   lregex.obj
 0001:000063d0       _regex_gmatch_closure      100073d0 f   lregex.obj
 0001:000063e0       _regex_gmatch_closureW     100073e0 f   lregex.obj
 0001:00006400       __Gmatch                   10007400 f   lregex.obj
 0001:00006580       _func_Gmatch               10007580 f   lregex.obj
 0001:00006590       _func_GmatchW              10007590 f   lregex.obj
 0001:000065b0       _rx_find_match             100075b0 f   lregex.obj
 0001:000069f0       _method_bracketscount      100079f0 f   lregex.obj
 0001:00006a50       _rx_gsub                   10007a50 f   lregex.obj
 0001:00007540       _func_New                  10008540 f   lregex.obj
 0001:00007580       _method_find               10008580 f   lregex.obj
 0001:000075a0       _func_find                 100085a0 f   lregex.obj
 0001:000075c0       _method_findW              100085c0 f   lregex.obj
 0001:000075e0       _func_findW                100085e0 f   lregex.obj
 0001:00007600       _method_match              10008600 f   lregex.obj
 0001:00007620       _func_match                10008620 f   lregex.obj
 0001:00007640       _method_matchW             10008640 f   lregex.obj
 0001:00007660       _func_matchW               10008660 f   lregex.obj
 0001:00007680       _method_exec               10008680 f   lregex.obj
 0001:000076a0       _func_exec                 100086a0 f   lregex.obj
 0001:000076c0       _method_execW              100086c0 f   lregex.obj
 0001:000076e0       _func_execW                100086e0 f   lregex.obj
 0001:00007700       _method_gsub               10008700 f   lregex.obj
 0001:00007720       _func_gsub                 10008720 f   lregex.obj
 0001:00007740       _method_gsubW              10008740 f   lregex.obj
 0001:00007760       _func_gsubW                10008760 f   lregex.obj
 0001:00007780       _luaopen_regex             10008780 f   lregex.obj
 0001:00007a50       _Open_Luamacro             10008a50 f   luamacro.obj
 0001:00007fc0       _far_MacroCallFar          10008fc0 f   luamacro.obj
 0001:000081e0       _far_FarMacroCallToLua     100091e0 f   luamacro.obj
 0001:000082a0       _uc_len                    100092a0 f   lusercontrol.obj
 0001:00008640       _luaopen_usercontrol       10009640 f   lusercontrol.obj
 0001:00008680       _CreateRegKey              10009680 f   reg.obj
 0001:000086c0       _fprintf                   100096c0 f i service.obj
 0001:000086f0       _DllMain@12                100096f0 f   service.obj
 0001:00008a40       _GetFlagCombination        10009a40 f   service.obj
 0001:00008cd0       _OptFlags                  10009cd0 f   service.obj
 0001:00008de0       _PutFlagsToTable           10009de0 f   service.obj
 0001:00008ea0       _ConvertLuaValue           10009ea0 f   service.obj
 0001:00009380       _StoreTempString           1000a380 f   service.obj
 0001:000095e0       _PushPanelItem             1000a5e0 f   service.obj
 0001:00009be0       _PushPanelItems            1000abe0 f   service.obj
 0001:0000c310       _GetFarColor               1000d310 f   service.obj
 0001:0000c4d0       _PushFarColor              1000d4d0 f   service.obj
 0001:0000ccc0       _PushInputRecord           1000dcc0 f   service.obj
 0001:0000d0f0       _FillInputRecord           1000e0f0 f   service.obj
 0001:0000e460       _LF_Message                1000f460 f   service.obj
 0001:0000e9a0       _LF_Error                  1000f9a0 f   service.obj
 0001:00010d60       _CreateList                10011d60 f   service.obj
 0001:00011c60       _NewDialogData             10012c60 f   service.obj
 0001:00011ce0       _DialogHandleEqual         10012ce0 f   service.obj
 0001:000130c0       _PushDNParams              100140c0 f   service.obj
 0001:00013350       _ProcessDNResult           10014350 f   service.obj
 0001:00013600       _LF_DlgProc                10014600 f   service.obj
 0001:00018220       _MacroAddCallback@12       10019220 f   service.obj
 0001:000189f0       _pushFileTime              100199f0 f   service.obj
 0001:00018e40       _NewVirtualKeyTable        10019e40 f   service.obj
 0001:0001a3d0       _TimerCallback@8           1001b3d0 f   service.obj
 0001:0001cbe0       _LF_RunLuafarInit          1001dbe0 f   service.obj
 0001:0001ccc0       @_guard_check_icall_nop@4  1001dcc0 f   LIBCMT:guard_support.obj
 0001:0001ccc0       _LF_ProcessEnvVars         1001dcc0 f   service.obj
 0001:0001ccd0       _LF_InitLuaState1          1001dcd0 f   service.obj
 0001:0001cef0       _LF_InitLuaState2          1001def0 f   service.obj
 0001:0001cf90       _LF_MacroCallback          1001df90 f   service.obj
 0001:0001cfa0       _LF_DoFile                 1001dfa0 f   service.obj
 0001:0001d0c0       _LF_GetLuafarAPI           1001e0c0 f   service.obj
 0001:0001d100       _luaopen_luafar3           1001e100 f   service.obj
 0001:0001d290       __snwprintf                1001e290 f i slnunico.obj
 0001:0001dbf0       _luaopen_unicode           1001ebf0 f   slnunico.obj
 0001:00021a90       _luaopen_utf8              10022a90 f   lutf8lib.obj
 0001:00021cc0       ___local_stdio_scanf_options 10022cc0 f i uliolib51.obj
 0001:00021cd0       _fscanf                    10022cd0 f i uliolib51.obj
 0001:000235d0       _luaopen_uio               100245d0 f   uliolib51.obj
 0001:000247b0       _luaopen_upackage          100257b0 f   uloadlib51.obj
 0001:00024970       _pusherror                 10025970 f   ustring.obj
 0001:00024a00       _SysErrorReturn            10025a00 f   ustring.obj
 0001:00024a80       _PutIntToArray             10025a80 f   ustring.obj
 0001:00024ac0       _PutIntToTable             10025ac0 f   ustring.obj
 0001:00024b00       _PutNumToTable             10025b00 f   ustring.obj
 0001:00024b30       _PutBoolToTable            10025b30 f   ustring.obj
 0001:00024b60       _PutStrToTable             10025b60 f   ustring.obj
 0001:00024b90       _PutStrToArray             10025b90 f   ustring.obj
 0001:00024bc0       _PutWStrToTable            10025bc0 f   ustring.obj
 0001:00024bf0       _PutWStrToArray            10025bf0 f   ustring.obj
 0001:00024c20       _PutLStrToTable            10025c20 f   ustring.obj
 0001:00024c50       _GetOptNumFromTable        10025c50 f   ustring.obj
 0001:00024cb0       _GetOptIntFromTable        10025cb0 f   ustring.obj
 0001:00024d00       _GetOptIntFromArray        10025d00 f   ustring.obj
 0001:00024d50       _GetBoolFromTable          10025d50 f   ustring.obj
 0001:00024d90       _GetOptBoolFromTable       10025d90 f   ustring.obj
 0001:00024df0       _check_utf8_string         10025df0 f   ustring.obj
 0001:00024ec0       _utf8_to_utf16             10025ec0 f   ustring.obj
 0001:00024f90       _opt_utf8_string           10025f90 f   ustring.obj
 0001:00024fc0       _push_utf8_string          10025fc0 f   ustring.obj
 0001:00025070       _ustring_WideCharToMultiByte 10026070 f   ustring.obj
 0001:000251a0       _ustring_MultiByteToWideChar 100261a0 f   ustring.obj
 0001:00025360       _ustring_OemToUtf8         10026360 f   ustring.obj
 0001:00025420       _ustring_Utf8ToOem         10026420 f   ustring.obj
 0001:00025560       _ustring_Utf16ToUtf8       10026560 f   ustring.obj
 0001:00025590       _ustring_Utf8ToUtf16       10026590 f   ustring.obj
 0001:00025640       _ustring_GetACP            10026640 f   ustring.obj
 0001:00025660       _ustring_GetOEMCP          10026660 f   ustring.obj
 0001:00025680       _ustring_GetConsoleCP      10026680 f   ustring.obj
 0001:000256a0       _ustring_SetConsoleCP      100266a0 f   ustring.obj
 0001:000256e0       _ustring_GetConsoleOutputCP 100266e0 f   ustring.obj
 0001:00025700       _ustring_SetConsoleOutputCP 10026700 f   ustring.obj
 0001:00025740       _EnumCodePagesProc@4       10026740 f   ustring.obj
 0001:00025810       _ustring_EnumSystemCodePages 10026810 f   ustring.obj
 0001:00025870       _ustring_GetCPInfo         10026870 f   ustring.obj
 0001:00025ac0       _ustring_GetLogicalDriveStrings 10026ac0 f   ustring.obj
 0001:00025c80       _ustring_GetDriveType      10026c80 f   ustring.obj
 0001:00025db0       _ustring_Uuid              10026db0 f   ustring.obj
 0001:00025eb0       _ustring_SearchPath        10026eb0 f   ustring.obj
 0001:000262b0       _ustring_GlobalMemoryStatus 100272b0 f   ustring.obj
 0001:000265b0       _ustring_Sleep             100275b0 f   ustring.obj
 0001:000265f0       _PushAttrString            100275f0 f   ustring.obj
 0001:000266c0       _DecodeAttributes          100276c0 f   ustring.obj
 0001:000267f0       _SetAttrWords              100277f0 f   ustring.obj
 0001:000269d0       _ustring_SetFileAttr       100279d0 f   ustring.obj
 0001:00026ab0       _ustring_GetFileAttr       10027ab0 f   ustring.obj
 0001:00026b80       _ustring_SHGetFolderPath   10027b80 f   ustring.obj
 0001:00026ca0       _push_utf16_string         10027ca0 f   ustring.obj
 0001:00026ce0       _ustring_sub               10027ce0 f   ustring.obj
 0001:00026d70       _ustring_len               10027d70 f   ustring.obj
 0001:00026da0       _check_utf16_string        10027da0 f   ustring.obj
 0001:00026dd0       _opt_utf16_string          10027dd0 f   ustring.obj
 0001:00027070       _ustring_GetCurrentDir     10028070 f   ustring.obj
 0001:00027240       _ustring_SetCurrentDir     10028240 f   ustring.obj
 0001:00027310       _ustring_GetKeyState       10028310 f   ustring.obj
 0001:00027360       _luaopen_ustring           10028360 f   ustring.obj
 0001:000273c0       _GetIntFromArray           100283c0 f   util.obj
 0001:00027440       _GetFileSizeFromTable      10028440 f   util.obj
 0001:000274d0       _GetFileTimeFromTable      100284d0 f   util.obj
 0001:000275c0       _PutFileTimeToTable        100285c0 f   util.obj
 0001:0002a980       _win_WriteConsole          1002b980 f   win.obj
 0001:0002ab30       _win_IsWinVersion          1002bb30 f   win.obj
 0001:0002b750       _luaopen_win               1002c750 f   win.obj
 0001:0002b7d0       _EncodePointerWrapper@4    1002c7d0 f   vc_crt_fix_impl.obj
 0001:0002b890       _DecodePointerWrapper@4    1002c890 f   vc_crt_fix_impl.obj
 0001:0002b8e0       _GetModuleHandleExWWrapper@12 1002c8e0 f   vc_crt_fix_impl.obj
 0001:0002bc20       _InitializeSListHeadWrapper@4 1002cc20 f   vc_crt_fix_impl.obj
 0001:0002bc70       _InterlockedFlushSListWrapper@4 1002cc70 f   vc_crt_fix_impl.obj
 0001:0002bcc0       _InterlockedPopEntrySListWrapper@4 1002ccc0 f   vc_crt_fix_impl.obj
 0001:0002bd10       _InterlockedPushEntrySListWrapper@8 1002cd10 f   vc_crt_fix_impl.obj
 0001:0002bd60       _InterlockedPushListSListExWrapper@16 1002cd60 f   vc_crt_fix_impl.obj
 0001:0002bdb0       _RtlFirstEntrySListWrapper@4 1002cdb0 f   vc_crt_fix_impl.obj
 0001:0002be00       _QueryDepthSListWrapper@4  1002ce00 f   vc_crt_fix_impl.obj
 0001:0002be50       _GetNumaHighestNodeNumberWrapper@4 1002ce50 f   vc_crt_fix_impl.obj
 0001:0002bec0       _GetLogicalProcessorInformationWrapper@8 1002cec0 f   vc_crt_fix_impl.obj
 0001:0002bf20       _SetThreadStackGuaranteeWrapper@4 1002cf20 f   vc_crt_fix_impl.obj
 0001:0002bf80       _InitializeCriticalSectionExWrapper@12 1002cf80 f   vc_crt_fix_impl.obj
 0001:0002c000       _CompareStringExWrapper@36 1002d000 f   vc_crt_fix_impl.obj
 0001:0002c080       _LCMapStringExWrapper@36   1002d080 f   vc_crt_fix_impl.obj
 0001:0002c100       _luaopen_table             1002d100 f   lua51:lua51.dll
 0001:0002c106       _luaopen_base              1002d106 f   lua51:lua51.dll
 0001:0002c10c       _luaopen_os                1002d10c f   lua51:lua51.dll
 0001:0002c112       _luaopen_string            1002d112 f   lua51:lua51.dll
 0001:0002c118       _luaopen_math              1002d118 f   lua51:lua51.dll
 0001:0002c11e       _luaopen_debug             1002d11e f   lua51:lua51.dll
 0001:0002c124       @__security_check_cookie@4 1002d124 f   LIBCMT:secchk.obj
 0001:0002c132       ___raise_securityfailure   1002d132 f   LIBCMT:gs_report.obj
 0001:0002c15a       ___report_gsfailure        1002d15a f   LIBCMT:gs_report.obj
 0001:0002c298       ___scrt_acquire_startup_lock 1002d298 f   LIBCMT:utility.obj
 0001:0002c2ca       ___scrt_dllmain_after_initialize_c 1002d2ca f   LIBCMT:utility.obj
 0001:0002c2f5       ___scrt_dllmain_before_initialize_c 1002d2f5 f   LIBCMT:utility.obj
 0001:0002c303       ___scrt_dllmain_crt_thread_attach 1002d303 f   LIBCMT:utility.obj
 0001:0002c322       ___scrt_dllmain_crt_thread_detach 1002d322 f   LIBCMT:utility.obj
 0001:0002c32f       ___scrt_dllmain_exception_filter 1002d32f f   LIBCMT:utility.obj
 0001:0002c363       ___scrt_dllmain_uninitialize_c 1002d363 f   LIBCMT:utility.obj
 0001:0002c386       ___scrt_dllmain_uninitialize_critical 1002d386 f   LIBCMT:utility.obj
 0001:0002c393       ___scrt_initialize_crt     1002d393 f   LIBCMT:utility.obj
 0001:0002c3cc       ___scrt_initialize_onexit_tables 1002d3cc f   LIBCMT:utility.obj
 0001:0002c453       ___scrt_is_nonwritable_in_current_image 1002d453 f   LIBCMT:utility.obj
 0001:0002c4e7       ___scrt_release_startup_lock 1002d4e7 f   LIBCMT:utility.obj
 0001:0002c504       ___scrt_uninitialize_crt   1002d504 f   LIBCMT:utility.obj
 0001:0002c52c       __onexit                   1002d52c f   LIBCMT:utility.obj
 0001:0002c559       _atexit                    1002d559 f   LIBCMT:utility.obj
 0001:0002c8ae       __DllMainCRTStartup@12     1002d8ae f   LIBCMT:dll_dllmain.obj
 0001:0002c8d1       ___isa_available_init      1002d8d1 f   LIBCMT:cpu_disp.obj
 0001:0002caa2       __get_startup_argv_mode    1002daa2 f   LIBCMT:argv_mode.obj
 0001:0002caa6       ___scrt_is_ucrt_dll_in_use 1002daa6 f   LIBCMT:ucrt_detection.obj
 0001:0002cab2       ___scrt_fastfail           1002dab2 f   LIBCMT:utility_desktop.obj
 0001:0002cbcd       __crt_debugger_hook        1002dbcd f   LIBCMT:utility_desktop.obj
 0001:0002cbe0       __SEH_prolog4              1002dbe0 f   LIBCMT:sehprolg4.obj
 0001:0002cc72       ___security_init_cookie    1002dc72 f   LIBCMT:gs_support.obj
 0001:0002ccbd       ?__scrt_initialize_type_info@@YAXXZ 1002dcbd f   LIBCMT:tncleanup.obj
 0001:0002ccc9       ?__scrt_uninitialize_type_info@@YAXXZ 1002dcc9 f   LIBCMT:tncleanup.obj
 0001:0002ccd5       ___scrt_initialize_default_local_stdio_options 1002dcd5 f   LIBCMT:default_local_stdio_options.obj
 0001:0002ccf2       ___scrt_get_dyn_tls_init_callback 1002dcf2 f   LIBCMT:dyn_tls_init.obj
 0001:0002ccf8       __RTC_Initialize           1002dcf8 f   LIBCMT:initsect.obj
 0001:0002cd24       __RTC_Terminate            1002dd24 f   LIBCMT:initsect.obj
 0001:0002cd50       _wcsrchr                   1002dd50 f   libvcruntime:wcsrchr.obj
 0001:0002cdf4       _wcsstr                    1002ddf4 f   libvcruntime:wcsstr.obj
 0001:0002d05f       _wcschr                    1002e05f f   libvcruntime:wcschr.obj
 0001:0002d130       _strchr                    1002e130 f   libvcruntime:strchr.obj
 0001:0002d19e       ___from_strstr_to_strchr   1002e19e     libvcruntime:strchr.obj
 0001:0002d260       _strrchr                   1002e260 f   libvcruntime:strrchr.obj
 0001:0002d397       ?GetRangeOfTrysToCheck@__FrameHandler3@@SA?AU?$pair@Viterator@TryBlockMap@__FrameHandler3@@V123@@std@@AAVTryBlockMap@1@HPAXPBU_s_FuncInfo@@H@Z 1002e397 f   libvcruntime:trnsctrl.obj
 0001:0002d407       ?_CallCatchBlock2@@YAPAXPAUEHRegistrationNode@@PBU_s_FuncInfo@@PAXHK@Z 1002e407 f   libvcruntime:trnsctrl.obj
 0001:0002d464       ?_CallSETranslator@@YAHPAUEHExceptionRecord@@PAUEHRegistrationNode@@PAX2PBU_s_FuncInfo@@H1@Z 1002e464 f   libvcruntime:trnsctrl.obj
 0001:0002d55a       ?_JumpToContinuation@@YGXPAXPAUEHRegistrationNode@@@Z 1002e55a f   libvcruntime:trnsctrl.obj
 0001:0002d58a       ?_UnwindNestedFrames@@YGXPAUEHRegistrationNode@@PAUEHExceptionRecord@@@Z 1002e58a f   libvcruntime:trnsctrl.obj
 0001:0002d5dd       __CatchGuardHandler        1002e5dd f   libvcruntime:trnsctrl.obj
 0001:0002d60e       __CreateFrameInfo          1002e60e f   libvcruntime:trnsctrl.obj
 0001:0002d632       __FindAndUnlinkFrame       1002e632 f   libvcruntime:trnsctrl.obj
 0001:0002d67a       __TranslatorGuardHandler   1002e67a f   libvcruntime:trnsctrl.obj
 0001:0002d717       ___CxxFrameHandler3        1002e717 f   libvcruntime:trnsctrl.obj
 0001:0002d74d       ___DestructExceptionObject 1002e74d f   libvcruntime:ehhelpers.obj
 0001:0002d7ee       ?_CallMemberFunction0@@YGXQAX0@Z 1002e7ee f i libvcruntime:ehhelpers.obj
 0001:0002d853       __IsExceptionObjectToBeDestroyed 1002e853 f   libvcruntime:ehhelpers.obj
 0001:0002d879       ___AdjustPointer           1002e879 f   libvcruntime:ehhelpers.obj
 0001:0002d89e       ___FrameUnwindFilter       1002e89e f   libvcruntime:ehhelpers.obj
 0001:0002d8f4       ___std_terminate           1002e8f4 f   libvcruntime:ehhelpers.obj
 0001:0002d8f9       ___vcrt_initialize         1002e8f9 f   libvcruntime:initialization.obj
 0001:0002d918       ___vcrt_thread_attach      1002e918 f   libvcruntime:initialization.obj
 0001:0002d923       ___vcrt_thread_detach      1002e923 f   libvcruntime:initialization.obj
 0001:0002d92e       ___vcrt_uninitialize       1002e92e f   libvcruntime:initialization.obj
 0001:0002d945       ___vcrt_uninitialize_critical 1002e945 f   libvcruntime:initialization.obj
 0001:0002d990       __except_handler4          1002e990 f   libvcruntime:chandler4.obj
 0001:0002daf0       _memset                    1002eaf0 f   libvcruntime:memset.obj
 0001:0002dc4a       ___std_type_info_compare   1002ec4a f   libvcruntime:std_type_info.obj
 0001:0002dc86       ___std_type_info_destroy_list 1002ec86 f   libvcruntime:std_type_info.obj
 0001:0002dca9       ___vcrt_freefls@4          1002eca9 f   libvcruntime:per_thread_data.obj
 0001:0002dcc5       ___vcrt_freeptd            1002ecc5 f   libvcruntime:per_thread_data.obj
 0001:0002dcfb       ___vcrt_getptd             1002ecfb f   libvcruntime:per_thread_data.obj
 0001:0002dd09       ___vcrt_getptd_noexit      1002ed09 f   libvcruntime:per_thread_data.obj
 0001:0002dd9b       ___vcrt_initialize_ptd     1002ed9b f   libvcruntime:per_thread_data.obj
 0001:0002ddce       ___vcrt_uninitialize_ptd   1002edce f   libvcruntime:per_thread_data.obj
 0001:0002e520       ??$TypeMatchHelper@V__FrameHandler3@@@@YAHPBU_s_HandlerType@@PBU_s_CatchableType@@PBU_s_ThrowInfo@@@Z 1002f520 f i libvcruntime:frame.obj
 0001:0002e5ae       ??$__InternalCxxFrameHandler@V__FrameHandler3@@@@YA?AW4_EXCEPTION_DISPOSITION@@PAUEHExceptionRecord@@PAUEHRegistrationNode@@PAU_CONTEXT@@PAXPBU_s_FuncInfo@@H1E@Z 1002f5ae f i libvcruntime:frame.obj
 0001:0002e6b0       ??0bad_exception@std@@QAE@ABV01@@Z 1002f6b0 f i libvcruntime:frame.obj
 0001:0002e6cb       ??0bad_exception@std@@QAE@XZ 1002f6cb f i libvcruntime:frame.obj
 0001:0002e6e3       ??0exception@std@@QAE@ABV01@@Z 1002f6e3 f i libvcruntime:frame.obj
 0001:0002e70f       ??1bad_exception@std@@UAE@XZ 1002f70f f i libvcruntime:frame.obj
 0001:0002e720       ??8type_info@@QBE_NABV0@@Z 1002f720 f i libvcruntime:frame.obj
 0001:0002e73f       ??_Eexception@std@@UAEPAXI@Z 1002f73f f i libvcruntime:frame.obj
 0001:0002e73f       ??_Ebad_exception@std@@UAEPAXI@Z 1002f73f f i libvcruntime:frame.obj
 0001:0002e73f       ??_Gexception@std@@UAEPAXI@Z 1002f73f f i libvcruntime:frame.obj
 0001:0002e73f       ??_Gbad_exception@std@@UAEPAXI@Z 1002f73f f i libvcruntime:frame.obj
 0001:0002e9b9       ?FrameUnwindToEmptyState@__FrameHandler3@@SAXPAUEHRegistrationNode@@PAXPBU_s_FuncInfo@@@Z 1002f9b9 f   libvcruntime:frame.obj
 0001:0002e9d1       ?FrameUnwindToState@__FrameHandler3@@SAXPAUEHRegistrationNode@@PAXPBU_s_FuncInfo@@H@Z 1002f9d1 f   libvcruntime:frame.obj
 0001:0002eb53       ?_CallMemberFunction1@@YGXQAX00@Z 1002fb53 f i libvcruntime:frame.obj
 0001:0002eb63       ?_CallMemberFunction2@@YGXQAX00H@Z 1002fb63 f i libvcruntime:frame.obj
 0001:0002eb76       ?getESTypes@__FrameHandler3@@SAPBU_s_ESTypeList@@PBU_s_FuncInfo@@@Z 1002fb76 f i libvcruntime:frame.obj
 0001:0002eb81       ?what@exception@std@@UBEPBDXZ 1002fb81 f i libvcruntime:frame.obj
 0001:0002eb90       __CallSettingFrame@12      1002fb90 f   libvcruntime:lowhelpr.obj
 0001:0002ebb7       __NLG_Return               1002fbb7     libvcruntime:lowhelpr.obj
 0001:0002ebdc       ___except_validate_context_record 1002fbdc f   libvcruntime:jbcxrval.obj
 0001:0002ec0c       ___vcrt_initialize_locks   1002fc0c f   libvcruntime:locks.obj
 0001:0002ec48       ___vcrt_uninitialize_locks 1002fc48 f   libvcruntime:locks.obj
 0001:0002ec80       __local_unwind4            1002fc80 f   libvcruntime:exsup4.obj
 0001:0002ed70       @_EH4_CallFilterFunc@8     1002fd70 f   libvcruntime:exsup4.obj
 0001:0002ed90       @_EH4_TransferToHandler@8  1002fd90 f   libvcruntime:exsup4.obj
 0001:0002edb0       @_EH4_GlobalUnwind2@8      1002fdb0 f   libvcruntime:exsup4.obj
 0001:0002edd0       @_EH4_LocalUnwind@16       1002fdd0 f   libvcruntime:exsup4.obj
 0001:0002eeca       ___vcrt_FlsAlloc           1002feca f   libvcruntime:winapi_downlevel.obj
 0001:0002ef05       ___vcrt_FlsFree            1002ff05 f   libvcruntime:winapi_downlevel.obj
 0001:0002ef40       ___vcrt_FlsGetValue        1002ff40 f   libvcruntime:winapi_downlevel.obj
 0001:0002ef7b       ___vcrt_FlsSetValue        1002ff7b f   libvcruntime:winapi_downlevel.obj
 0001:0002efb9       ___vcrt_InitializeCriticalSectionEx 1002ffb9 f   libvcruntime:winapi_downlevel.obj
 0001:0002f000       _unexpected                10030000 f   libvcruntime:unexpected.obj
 0001:0002f01d       ?GetCurrentState@__FrameHandler3@@SAHPAUEHRegistrationNode@@PAXPBU_s_FuncInfo@@@Z 1003001d f   libvcruntime:ehstate.obj
 0001:0002f03a       ?SetState@__FrameHandler3@@SAXPAUEHRegistrationNode@@PBU_s_FuncInfo@@H@Z 1003003a f   libvcruntime:ehstate.obj
 0001:0002f048       ___std_exception_copy      10030048 f   libvcruntime:std_exception.obj
 0001:0002f0ab       ___std_exception_destroy   100300ab f   libvcruntime:std_exception.obj
 0001:0002f0ca       __CxxThrowException@8      100300ca f   libvcruntime:throw.obj
 0001:0002f140       _memmove                   10030140 f   libvcruntime:memmove.obj
 0001:0002f140       _memcpy                    10030140 f   libvcruntime:memcpy.obj
 0001:0002f6c0       __NLG_Notify1              100306c0 f   libvcruntime:exsup.obj
 0001:0002f6d0       __NLG_Notify               100306d0 f   libvcruntime:exsup.obj
 0001:0002f6e7       __NLG_Dispatch             100306e7     libvcruntime:exsup.obj
 0001:0002f6e7       __NLG_Dispatch2            100306e7     libvcruntime:exsup.obj
 0001:0002f6f0       __NLG_Call                 100306f0 f   libvcruntime:exsup.obj
 0001:0002f6f2       __NLG_Return2              100306f2     libvcruntime:exsup.obj
 0001:0002fa60       ??$count@D@formatting_buffer@__crt_stdio_output@@QBEIXZ 10030a60 f i libucrt:output.obj
 0001:0002fa78       ??$count@_W@formatting_buffer@__crt_stdio_output@@QBEIXZ 10030a78 f i libucrt:output.obj
 0001:0002fa91       ??$ensure_buffer_is_big_enough@D@formatting_buffer@__crt_stdio_output@@QAE_NI@Z 10030a91 f i libucrt:output.obj
 0001:0002fb0e       ??$ensure_buffer_is_big_enough@_W@formatting_buffer@__crt_stdio_output@@QAE_NI@Z 10030b0e f i libucrt:output.obj
 0001:0002fb8c       ??$is_wide_character_specifier@D@__crt_stdio_output@@YA_N_KDW4length_modifier@0@@Z 10030b8c f i libucrt:output.obj
 0001:0002fbbd       ??$is_wide_character_specifier@_W@__crt_stdio_output@@YA_N_K_WW4length_modifier@0@@Z 10030bbd f i libucrt:output.obj
 0001:0002fc0b       ??$scratch_data@D@formatting_buffer@__crt_stdio_output@@QAEPADXZ 10030c0b f i libucrt:output.obj
 0001:0002fc29       ??$type_case_integer_parse_into_buffer@I@?$output_processor@DV?$stream_output_adapter@D@__crt_stdio_output@@V?$standard_base@DV?$stream_output_adapter@D@__crt_stdio_output@@@2@@__crt_stdio_output@@AAEXII_N@Z 10030c29 f i libucrt:output.obj
 0001:0002fc29       ??$type_case_integer_parse_into_buffer@I@?$output_processor@DV?$string_output_adapter@D@__crt_stdio_output@@V?$standard_base@DV?$string_output_adapter@D@__crt_stdio_output@@@2@@__crt_stdio_output@@AAEXII_N@Z 10030c29 f i libucrt:output.obj
 0001:0002fc9c       ??$type_case_integer_parse_into_buffer@I@?$output_processor@_WV?$string_output_adapter@_W@__crt_stdio_output@@V?$standard_base@_WV?$string_output_adapter@_W@__crt_stdio_output@@@2@@__crt_stdio_output@@AAEXII_N@Z 10030c9c f i libucrt:output.obj
 0001:0002fd23       ??$type_case_integer_parse_into_buffer@_K@?$output_processor@DV?$stream_output_adapter@D@__crt_stdio_output@@V?$standard_base@DV?$stream_output_adapter@D@__crt_stdio_output@@@2@@__crt_stdio_output@@AAEX_KI_N@Z 10030d23 f i libucrt:output.obj
 0001:0002fd23       ??$type_case_integer_parse_into_buffer@_K@?$output_processor@DV?$string_output_adapter@D@__crt_stdio_output@@V?$standard_base@DV?$string_output_adapter@D@__crt_stdio_output@@@2@@__crt_stdio_output@@AAEX_KI_N@Z 10030d23 f i libucrt:output.obj
 0001:0002fdb1       ??$type_case_integer_parse_into_buffer@_K@?$output_processor@_WV?$string_output_adapter@_W@__crt_stdio_output@@V?$standard_base@_WV?$string_output_adapter@_W@__crt_stdio_output@@@2@@__crt_stdio_output@@AAEX_KI_N@Z 10030db1 f i libucrt:output.obj
 0001:0002fe53       ??$write_multiple_characters@V?$stream_output_adapter@D@__crt_stdio_output@@D@__crt_stdio_output@@YAXABV?$stream_output_adapter@D@0@DHQAH@Z 10030e53 f i libucrt:output.obj
 0001:0002fe8e       ??$write_multiple_characters@V?$string_output_adapter@D@__crt_stdio_output@@D@__crt_stdio_output@@YAXABV?$string_output_adapter@D@0@DHQAH@Z 10030e8e f i libucrt:output.obj
 0001:0002feba       ??$write_multiple_characters@V?$string_output_adapter@_W@__crt_stdio_output@@D@__crt_stdio_output@@YAXABV?$string_output_adapter@_W@0@DHQAH@Z 10030eba f i libucrt:output.obj
 0001:0002feeb       ??0?$common_data@D@__crt_stdio_output@@IAE@XZ 10030eeb f i libucrt:output.obj
 0001:0002ff30       ??0?$common_data@_W@__crt_stdio_output@@IAE@XZ 10030f30 f i libucrt:output.obj
 0001:0002ff7a       ??0?$output_adapter_data@DV?$stream_output_adapter@D@__crt_stdio_output@@@__crt_stdio_output@@IAE@ABV?$stream_output_adapter@D@1@_KQBDQAU__crt_locale_pointers@@QAD@Z 10030f7a f i libucrt:output.obj
 0001:0002ff7a       ??0?$output_adapter_data@DV?$string_output_adapter@D@__crt_stdio_output@@@__crt_stdio_output@@IAE@ABV?$string_output_adapter@D@1@_KQBDQAU__crt_locale_pointers@@QAD@Z 10030f7a f i libucrt:output.obj
 0001:0002ffb6       ??0?$output_adapter_data@_WV?$string_output_adapter@_W@__crt_stdio_output@@@__crt_stdio_output@@IAE@ABV?$string_output_adapter@_W@1@_KQB_WQAU__crt_locale_pointers@@QAD@Z 10030fb6 f i libucrt:output.obj
 0001:0002fff2       ??0_LocaleUpdate@@QAE@QAU__crt_locale_pointers@@@Z 10030ff2 f i libucrt:output.obj
 0001:00030075       ??1formatting_buffer@__crt_stdio_output@@QAE@XZ 10031075 f i libucrt:output.obj
 0001:0003008f       ??4?$__crt_unique_heap_ptr@DU__crt_internal_free_policy@@@@QAEAAV0@$$QAV0@@Z 1003108f f i libucrt:output.obj
 0001:00030172       ?crop_zeroes@__crt_stdio_output@@YAXPADQAU__crt_locale_pointers@@@Z 10031172 f i libucrt:output.obj
 0001:000301d2       ?find_next_state@?$output_processor@DV?$string_output_adapter@D@__crt_stdio_output@@V?$standard_base@DV?$string_output_adapter@D@__crt_stdio_output@@@2@@__crt_stdio_output@@ABE?AW4state@2@DW432@@Z 100311d2 f i libucrt:output.obj
 0001:000301d2       ?find_next_state@?$output_processor@DV?$stream_output_adapter@D@__crt_stdio_output@@V?$standard_base@DV?$stream_output_adapter@D@__crt_stdio_output@@@2@@__crt_stdio_output@@ABE?AW4state@2@DW432@@Z 100311d2 f i libucrt:output.obj
 0001:0003020f       ?find_next_state@?$output_processor@_WV?$string_output_adapter@_W@__crt_stdio_output@@V?$standard_base@_WV?$string_output_adapter@_W@__crt_stdio_output@@@2@@__crt_stdio_output@@ABE?AW4state@2@_WW432@@Z 1003120f f i libucrt:output.obj
 0001:0003024e       ?force_decimal_point@__crt_stdio_output@@YAXPADQAU__crt_locale_pointers@@@Z 1003124e f i libucrt:output.obj
 0001:000302aa       ?parse_int_from_format_string@?$output_processor@DV?$stream_output_adapter@D@__crt_stdio_output@@V?$standard_base@DV?$stream_output_adapter@D@__crt_stdio_output@@@2@@__crt_stdio_output@@AAE_NQAH@Z 100312aa f i libucrt:output.obj
 0001:000302aa       ?parse_int_from_format_string@?$output_processor@DV?$string_output_adapter@D@__crt_stdio_output@@V?$standard_base@DV?$string_output_adapter@D@__crt_stdio_output@@@2@@__crt_stdio_output@@AAE_NQAH@Z 100312aa f i libucrt:output.obj
 0001:0003031e       ?parse_int_from_format_string@?$output_processor@_WV?$string_output_adapter@_W@__crt_stdio_output@@V?$standard_base@_WV?$string_output_adapter@_W@__crt_stdio_output@@@2@@__crt_stdio_output@@AAE_NQAH@Z 1003131e f i libucrt:output.obj
 0001:00030394       ?process@?$output_processor@DV?$stream_output_adapter@D@__crt_stdio_output@@V?$standard_base@DV?$stream_output_adapter@D@__crt_stdio_output@@@2@@__crt_stdio_output@@QAEHXZ 10031394 f i libucrt:output.obj
 0001:000304a8       ?process@?$output_processor@DV?$string_output_adapter@D@__crt_stdio_output@@V?$standard_base@DV?$string_output_adapter@D@__crt_stdio_output@@@2@@__crt_stdio_output@@QAEHXZ 100314a8 f i libucrt:output.obj
 0001:000305bc       ?process@?$output_processor@_WV?$string_output_adapter@_W@__crt_stdio_output@@V?$standard_base@_WV?$string_output_adapter@_W@__crt_stdio_output@@@2@@__crt_stdio_output@@QAEHXZ 100315bc f i libucrt:output.obj
 0001:000306d8       ?state_case_flag@?$output_processor@DV?$stream_output_adapter@D@__crt_stdio_output@@V?$standard_base@DV?$stream_output_adapter@D@__crt_stdio_output@@@2@@__crt_stdio_output@@AAE_NXZ 100316d8 f i libucrt:output.obj
 0001:000306d8       ?state_case_flag@?$output_processor@DV?$string_output_adapter@D@__crt_stdio_output@@V?$standard_base@DV?$string_output_adapter@D@__crt_stdio_output@@@2@@__crt_stdio_output@@AAE_NXZ 100316d8 f i libucrt:output.obj
 0001:00030715       ?state_case_flag@?$output_processor@_WV?$string_output_adapter@_W@__crt_stdio_output@@V?$standard_base@_WV?$string_output_adapter@_W@__crt_stdio_output@@@2@@__crt_stdio_output@@AAE_NXZ 10031715 f i libucrt:output.obj
 0001:00030752       ?state_case_normal@?$output_processor@DV?$stream_output_adapter@D@__crt_stdio_output@@V?$standard_base@DV?$stream_output_adapter@D@__crt_stdio_output@@@2@@__crt_stdio_output@@AAE_NXZ 10031752 f i libucrt:output.obj
 0001:00030771       ?state_case_normal@?$output_processor@DV?$string_output_adapter@D@__crt_stdio_output@@V?$standard_base@DV?$string_output_adapter@D@__crt_stdio_output@@@2@@__crt_stdio_output@@AAE_NXZ 10031771 f i libucrt:output.obj
 0001:00030790       ?state_case_normal@?$output_processor@_WV?$string_output_adapter@_W@__crt_stdio_output@@V?$standard_base@_WV?$string_output_adapter@_W@__crt_stdio_output@@@2@@__crt_stdio_output@@AAE_NXZ 10031790 f i libucrt:output.obj
 0001:000307af       ?state_case_normal_common@?$output_processor@DV?$stream_output_adapter@D@__crt_stdio_output@@V?$standard_base@DV?$stream_output_adapter@D@__crt_stdio_output@@@2@@__crt_stdio_output@@AAE_NXZ 100317af f i libucrt:output.obj
 0001:000307e9       ?state_case_normal_common@?$output_processor@DV?$string_output_adapter@D@__crt_stdio_output@@V?$standard_base@DV?$string_output_adapter@D@__crt_stdio_output@@@2@@__crt_stdio_output@@AAE_NXZ 100317e9 f i libucrt:output.obj
 0001:00030813       ?state_case_normal_common@?$output_processor@_WV?$string_output_adapter@_W@__crt_stdio_output@@V?$standard_base@_WV?$string_output_adapter@_W@__crt_stdio_output@@@2@@__crt_stdio_output@@AAE_NXZ 10031813 f i libucrt:output.obj
 0001:0003082e       ?state_case_normal_tchar@?$output_processor@DV?$stream_output_adapter@D@__crt_stdio_output@@V?$standard_base@DV?$stream_output_adapter@D@__crt_stdio_output@@@2@@__crt_stdio_output@@AAE_ND@Z 1003182e f i libucrt:output.obj
 0001:0003089b       ?state_case_normal_tchar@?$output_processor@DV?$string_output_adapter@D@__crt_stdio_output@@V?$standard_base@DV?$string_output_adapter@D@__crt_stdio_output@@@2@@__crt_stdio_output@@AAE_ND@Z 1003189b f i libucrt:output.obj
 0001:000308ff       ?state_case_precision@?$output_processor@DV?$string_output_adapter@D@__crt_stdio_output@@V?$standard_base@DV?$string_output_adapter@D@__crt_stdio_output@@@2@@__crt_stdio_output@@AAE_NXZ 100318ff f i libucrt:output.obj
 0001:000308ff       ?state_case_precision@?$output_processor@DV?$stream_output_adapter@D@__crt_stdio_output@@V?$standard_base@DV?$stream_output_adapter@D@__crt_stdio_output@@@2@@__crt_stdio_output@@AAE_NXZ 100318ff f i libucrt:output.obj
 0001:00030925       ?state_case_precision@?$output_processor@_WV?$string_output_adapter@_W@__crt_stdio_output@@V?$standard_base@_WV?$string_output_adapter@_W@__crt_stdio_output@@@2@@__crt_stdio_output@@AAE_NXZ 10031925 f i libucrt:output.obj
 0001:0003094c       ?state_case_size@?$output_processor@DV?$stream_output_adapter@D@__crt_stdio_output@@V?$standard_base@DV?$stream_output_adapter@D@__crt_stdio_output@@@2@@__crt_stdio_output@@AAE_NXZ 1003194c f i libucrt:output.obj
 0001:00030a9a       ?state_case_size@?$output_processor@DV?$string_output_adapter@D@__crt_stdio_output@@V?$standard_base@DV?$string_output_adapter@D@__crt_stdio_output@@@2@@__crt_stdio_output@@AAE_NXZ 10031a9a f i libucrt:output.obj
 0001:00030be8       ?state_case_size@?$output_processor@_WV?$string_output_adapter@_W@__crt_stdio_output@@V?$standard_base@_WV?$string_output_adapter@_W@__crt_stdio_output@@@2@@__crt_stdio_output@@AAE_NXZ 10031be8 f i libucrt:output.obj
 0001:00030d60       ?state_case_type@?$output_processor@DV?$stream_output_adapter@D@__crt_stdio_output@@V?$standard_base@DV?$stream_output_adapter@D@__crt_stdio_output@@@2@@__crt_stdio_output@@AAE_NXZ 10031d60 f i libucrt:output.obj
 0001:00030f92       ?state_case_type@?$output_processor@DV?$string_output_adapter@D@__crt_stdio_output@@V?$standard_base@DV?$string_output_adapter@D@__crt_stdio_output@@@2@@__crt_stdio_output@@AAE_NXZ 10031f92 f i libucrt:output.obj
 0001:000311c4       ?state_case_type@?$output_processor@_WV?$string_output_adapter@_W@__crt_stdio_output@@V?$standard_base@_WV?$string_output_adapter@_W@__crt_stdio_output@@@2@@__crt_stdio_output@@AAE_NXZ 100321c4 f i libucrt:output.obj
 0001:00031429       ?state_case_width@?$output_processor@DV?$string_output_adapter@D@__crt_stdio_output@@V?$standard_base@DV?$string_output_adapter@D@__crt_stdio_output@@@2@@__crt_stdio_output@@AAE_NXZ 10032429 f i libucrt:output.obj
 0001:00031429       ?state_case_width@?$output_processor@DV?$stream_output_adapter@D@__crt_stdio_output@@V?$standard_base@DV?$stream_output_adapter@D@__crt_stdio_output@@@2@@__crt_stdio_output@@AAE_NXZ 10032429 f i libucrt:output.obj
 0001:00031454       ?state_case_width@?$output_processor@_WV?$string_output_adapter@_W@__crt_stdio_output@@V?$standard_base@_WV?$string_output_adapter@_W@__crt_stdio_output@@@2@@__crt_stdio_output@@AAE_NXZ 10032454 f i libucrt:output.obj
 0001:00031480       ?to_integer_size@__crt_stdio_output@@YAIW4length_modifier@1@@Z 10032480 f i libucrt:output.obj
 0001:000314d4       ?type_case_Z@?$output_processor@DV?$stream_output_adapter@D@__crt_stdio_output@@V?$standard_base@DV?$stream_output_adapter@D@__crt_stdio_output@@@2@@__crt_stdio_output@@AAE_NXZ 100324d4 f i libucrt:output.obj
 0001:000314d4       ?type_case_Z@?$output_processor@DV?$string_output_adapter@D@__crt_stdio_output@@V?$standard_base@DV?$string_output_adapter@D@__crt_stdio_output@@@2@@__crt_stdio_output@@AAE_NXZ 100324d4 f i libucrt:output.obj
 0001:0003152e       ?type_case_Z@?$output_processor@_WV?$string_output_adapter@_W@__crt_stdio_output@@V?$standard_base@_WV?$string_output_adapter@_W@__crt_stdio_output@@@2@@__crt_stdio_output@@AAE_NXZ 1003252e f i libucrt:output.obj
 0001:00031588       ?type_case_a@?$output_processor@DV?$stream_output_adapter@D@__crt_stdio_output@@V?$standard_base@DV?$stream_output_adapter@D@__crt_stdio_output@@@2@@__crt_stdio_output@@AAE_NXZ 10032588 f i libucrt:output.obj
 0001:00031588       ?type_case_a@?$output_processor@DV?$string_output_adapter@D@__crt_stdio_output@@V?$standard_base@DV?$string_output_adapter@D@__crt_stdio_output@@@2@@__crt_stdio_output@@AAE_NXZ 10032588 f i libucrt:output.obj
 0001:000316d7       ?type_case_a@?$output_processor@_WV?$string_output_adapter@_W@__crt_stdio_output@@V?$standard_base@_WV?$string_output_adapter@_W@__crt_stdio_output@@@2@@__crt_stdio_output@@AAE_NXZ 100326d7 f i libucrt:output.obj
 0001:0003183c       ?type_case_c_tchar@?$output_processor@DV?$stream_output_adapter@D@__crt_stdio_output@@V?$standard_base@DV?$stream_output_adapter@D@__crt_stdio_output@@@2@@__crt_stdio_output@@AAE_ND@Z 1003283c f i libucrt:output.obj
 0001:0003183c       ?type_case_c_tchar@?$output_processor@DV?$string_output_adapter@D@__crt_stdio_output@@V?$standard_base@DV?$string_output_adapter@D@__crt_stdio_output@@@2@@__crt_stdio_output@@AAE_ND@Z 1003283c f i libucrt:output.obj
 0001:000318cc       ?type_case_c_tchar@?$output_processor@_WV?$string_output_adapter@_W@__crt_stdio_output@@V?$standard_base@_WV?$string_output_adapter@_W@__crt_stdio_output@@@2@@__crt_stdio_output@@AAE_N_W@Z 100328cc f i libucrt:output.obj
 0001:00031962       ?type_case_integer@?$output_processor@DV?$string_output_adapter@D@__crt_stdio_output@@V?$standard_base@DV?$string_output_adapter@D@__crt_stdio_output@@@2@@__crt_stdio_output@@AAE_NI_N@Z 10032962 f i libucrt:output.obj
 0001:00031962       ?type_case_integer@?$output_processor@DV?$stream_output_adapter@D@__crt_stdio_output@@V?$standard_base@DV?$stream_output_adapter@D@__crt_stdio_output@@@2@@__crt_stdio_output@@AAE_NI_N@Z 10032962 f i libucrt:output.obj
 0001:00031ab3       ?type_case_integer@?$output_processor@_WV?$string_output_adapter@_W@__crt_stdio_output@@V?$standard_base@_WV?$string_output_adapter@_W@__crt_stdio_output@@@2@@__crt_stdio_output@@AAE_NI_N@Z 10032ab3 f i libucrt:output.obj
 0001:00031c08       ?type_case_n@?$output_processor@DV?$stream_output_adapter@D@__crt_stdio_output@@V?$standard_base@DV?$stream_output_adapter@D@__crt_stdio_output@@@2@@__crt_stdio_output@@AAE_NXZ 10032c08 f i libucrt:output.obj
 0001:00031c08       ?type_case_n@?$output_processor@_WV?$string_output_adapter@_W@__crt_stdio_output@@V?$standard_base@_WV?$string_output_adapter@_W@__crt_stdio_output@@@2@@__crt_stdio_output@@AAE_NXZ 10032c08 f i libucrt:output.obj
 0001:00031c08       ?type_case_n@?$output_processor@DV?$string_output_adapter@D@__crt_stdio_output@@V?$standard_base@DV?$string_output_adapter@D@__crt_stdio_output@@@2@@__crt_stdio_output@@AAE_NXZ 10032c08 f i libucrt:output.obj
 0001:00031c7c       ?type_case_o@?$output_processor@DV?$string_output_adapter@D@__crt_stdio_output@@V?$standard_base@DV?$string_output_adapter@D@__crt_stdio_output@@@2@@__crt_stdio_output@@AAE_NXZ 10032c7c f i libucrt:output.obj
 0001:00031c7c       ?type_case_o@?$output_processor@DV?$stream_output_adapter@D@__crt_stdio_output@@V?$standard_base@DV?$stream_output_adapter@D@__crt_stdio_output@@@2@@__crt_stdio_output@@AAE_NXZ 10032c7c f i libucrt:output.obj
 0001:00031c9b       ?type_case_o@?$output_processor@_WV?$string_output_adapter@_W@__crt_stdio_output@@V?$standard_base@_WV?$string_output_adapter@_W@__crt_stdio_output@@@2@@__crt_stdio_output@@AAE_NXZ 10032c9b f i libucrt:output.obj
 0001:00031cba       ?type_case_p@?$output_processor@DV?$stream_output_adapter@D@__crt_stdio_output@@V?$standard_base@DV?$stream_output_adapter@D@__crt_stdio_output@@@2@@__crt_stdio_output@@AAE_NXZ 10032cba f i libucrt:output.obj
 0001:00031cba       ?type_case_p@?$output_processor@DV?$string_output_adapter@D@__crt_stdio_output@@V?$standard_base@DV?$string_output_adapter@D@__crt_stdio_output@@@2@@__crt_stdio_output@@AAE_NXZ 10032cba f i libucrt:output.obj
 0001:00031cd2       ?type_case_p@?$output_processor@_WV?$string_output_adapter@_W@__crt_stdio_output@@V?$standard_base@_WV?$string_output_adapter@_W@__crt_stdio_output@@@2@@__crt_stdio_output@@AAE_NXZ 10032cd2 f i libucrt:output.obj
 0001:00031cea       ?type_case_s@?$output_processor@DV?$string_output_adapter@D@__crt_stdio_output@@V?$standard_base@DV?$string_output_adapter@D@__crt_stdio_output@@@2@@__crt_stdio_output@@AAE_NXZ 10032cea f i libucrt:output.obj
 0001:00031cea       ?type_case_s@?$output_processor@DV?$stream_output_adapter@D@__crt_stdio_output@@V?$standard_base@DV?$stream_output_adapter@D@__crt_stdio_output@@@2@@__crt_stdio_output@@AAE_NXZ 10032cea f i libucrt:output.obj
 0001:00031d5b       ?type_case_s@?$output_processor@_WV?$string_output_adapter@_W@__crt_stdio_output@@V?$standard_base@_WV?$string_output_adapter@_W@__crt_stdio_output@@@2@@__crt_stdio_output@@AAE_NXZ 10032d5b f i libucrt:output.obj
 0001:00031dce       ?type_case_s_compute_narrow_string_length@?$output_processor@_WV?$string_output_adapter@_W@__crt_stdio_output@@V?$standard_base@_WV?$string_output_adapter@_W@__crt_stdio_output@@@2@@__crt_stdio_output@@ABEHH_W@Z 10032dce f i libucrt:output.obj
 0001:00031e15       ?validate@?$stream_input_adapter@D@__crt_stdio_input@@QBE_NXZ 10032e15 f i libucrt:input.obj
 0001:00031e15       ?validate@?$stream_output_adapter@D@__crt_stdio_output@@QBE_NXZ 10032e15 f i libucrt:output.obj
 0001:00031e36       ?validate@?$c_string_character_source@D@__crt_strtox@@QBE_NXZ 10032e36 f i libucrt:atox.obj
 0001:00031e36       ?validate@?$string_output_adapter@_W@__crt_stdio_output@@QBE_NXZ 10032e36 f i libucrt:output.obj
 0001:00031e36       ?validate@?$c_string_character_source@_W@__crt_strtox@@QBE_NXZ 10032e36 f i libucrt:atox.obj
 0001:00031e36       ?validate@?$string_output_adapter@D@__crt_stdio_output@@QBE_NXZ 10032e36 f i libucrt:output.obj
 0001:00031e51       ?validate_stream_is_ansi_if_required@?$__acrt_stdio_char_traits@D@@SA_NQAU_iobuf@@@Z 10032e51 f i libucrt:output.obj
 0001:00031ed8       ?write_character@?$string_output_adapter@D@__crt_stdio_output@@QBE_NDQAH@Z 10032ed8 f i libucrt:output.obj
 0001:00031f1a       ?write_character@?$string_output_adapter@_W@__crt_stdio_output@@QBE_N_WQAH@Z 10032f1a f i libucrt:output.obj
 0001:00031f5f       ?write_character_without_count_update@?$stream_output_adapter@D@__crt_stdio_output@@QBE_ND@Z 10032f5f f i libucrt:output.obj
 0001:00031f95       ?write_stored_string_tchar@?$output_processor@DV?$stream_output_adapter@D@__crt_stdio_output@@V?$standard_base@DV?$stream_output_adapter@D@__crt_stdio_output@@@2@@__crt_stdio_output@@AAE_ND@Z 10032f95 f i libucrt:output.obj
 0001:0003203c       ?write_stored_string_tchar@?$output_processor@DV?$string_output_adapter@D@__crt_stdio_output@@V?$standard_base@DV?$string_output_adapter@D@__crt_stdio_output@@@2@@__crt_stdio_output@@AAE_ND@Z 1003303c f i libucrt:output.obj
 0001:000320e3       ?write_stored_string_tchar@?$output_processor@_WV?$string_output_adapter@_W@__crt_stdio_output@@V?$standard_base@_WV?$string_output_adapter@_W@__crt_stdio_output@@@2@@__crt_stdio_output@@AAE_N_W@Z 100330e3 f i libucrt:output.obj
 0001:00032176       ?write_string@?$stream_output_adapter@D@__crt_stdio_output@@QBEXQBDHQAHAAV__crt_deferred_errno_cache@@@Z 10033176 f i libucrt:output.obj
 0001:000321a2       ?write_string@?$string_output_adapter@D@__crt_stdio_output@@QBEXQBDHQAHAAV__crt_deferred_errno_cache@@@Z 100331a2 f i libucrt:output.obj
 0001:00032209       ?write_string@?$string_output_adapter@_W@__crt_stdio_output@@QBEXQB_WHQAHAAV__crt_deferred_errno_cache@@@Z 10033209 f i libucrt:output.obj
 0001:0003227a       ?write_string_impl@?$output_adapter_common@DV?$stream_output_adapter@D@__crt_stdio_output@@@__crt_stdio_output@@IBEXQBDHQAHAAV__crt_deferred_errno_cache@@@Z 1003327a f i libucrt:output.obj
 0001:00032318       ___acrt_locale_get_ctype_array_value 10033318 f i libucrt:output.obj
 0001:0003233a       ___stdio_common_vfprintf   1003333a f   libucrt:output.obj
 0001:000323bd       ___stdio_common_vsprintf   100333bd f   libucrt:output.obj
 0001:000323e1       ___stdio_common_vswprintf  100333e1 f   libucrt:output.obj
 0001:00032405       __fclose_nolock            10033405 f   libucrt:fclose.obj
 0001:0003247c       _fclose                    1003347c f   libucrt:fclose.obj
 0001:00032500       __wcsdup                   10033500 f   libucrt:wcsdup.obj
 0001:00032606       __clearfp                  10033606 f   libucrt:ieee87.obj
 0001:000326e4       __control87                100336e4 f   libucrt:ieee87.obj
 0001:00032b39       __wfopen                   10033b39 f   libucrt:fopen.obj
 0001:00032b50       _free                      10033b50 f   libucrt:free.obj
 0001:00032b6b       _malloc                    10033b6b f   libucrt:malloc.obj
 0001:00032b76       _feof                      10033b76 f   libucrt:feoferr.obj
 0001:00032ba2       _ferror                    10033ba2 f   libucrt:feoferr.obj
 0001:00032bce       ___acrt_initialize_stdio   10033bce f   libucrt:_file.obj
 0001:00032c96       ___acrt_iob_func           10033c96 f   libucrt:_file.obj
 0001:00032ca6       ___acrt_uninitialize_stdio 10033ca6 f   libucrt:_file.obj
 0001:00032cf2       __lock_file                10033cf2 f   libucrt:_file.obj
 0001:00032d06       __unlock_file              10033d06 f   libucrt:_file.obj
 0001:00032d1a       __fgetc_nolock             10033d1a f   libucrt:fgetc.obj
 0001:00032d56       __getc_nolock              10033d56 f   libucrt:fgetc.obj
 0001:00032d61       _fgetc                     10033d61 f   libucrt:fgetc.obj
 0001:00032e69       _getc                      10033e69 f   libucrt:fgetc.obj
 0001:00032f7d       __wfreopen                 10033f7d f   libucrt:freopen.obj
 0001:00032fa3       _rewind                    10033fa3 f   libucrt:rewind.obj
 0001:00033070       ___acrt_errno_from_os_error 10034070 f   libucrt:errno.obj
 0001:000330b3       ___acrt_errno_map_os_error 100340b3 f   libucrt:errno.obj
 0001:000330d6       ___doserrno                100340d6 f   libucrt:errno.obj
 0001:000330e9       __errno                    100340e9 f   libucrt:errno.obj
 0001:000330fc       __ungetc_nolock            100340fc f   libucrt:ungetc.obj
 0001:000331f6       _ungetc                    100341f6 f   libucrt:ungetc.obj
 0001:00033269       __fread_nolock_s           10034269 f   libucrt:fread.obj
 0001:0003344f       _fread                     1003444f f   libucrt:fread.obj
 0001:0003346c       _fread_s                   1003446c f   libucrt:fread.obj
 0001:000335ff       __get_sys_err_msg          100345ff f i libucrt:strerror.obj
 0001:00033623       _strerror                  10034623 f   libucrt:strerror.obj
 0001:0003379a       __freea_crt                1003479a f i libucrt:strupr.obj
 0001:000337ba       __strupr                   100347ba f   libucrt:strupr.obj
 0001:00033816       __strupr_s_l               10034816 f   libucrt:strupr.obj
 0001:0003384d       ___ascii_wcsicmp           1003484d f   libucrt:wcsicmp.obj
 0001:0003388a       __towlower_internal        1003488a f i libucrt:wcsicmp.obj
 0001:000338c9       __wcsicmp                  100348c9 f   libucrt:wcsicmp.obj
 0001:00033912       __wcsicmp_l                10034912 f   libucrt:wcsicmp.obj
 0001:000339ca       _iswctype                  100349ca f   libucrt:iswctype.obj
 0001:00033a33       _wcsncpy                   10034a33 f   libucrt:wcsncpy.obj
 0001:00033a80       _strncmp                   10034a80 f   libucrt:strncmp.obj
 0001:00033af8       __ischartype_l             10034af8 f i libucrt:_ctype.obj
 0001:00033b4c       __isdigit_l                10034b4c f i libucrt:_ctype.obj
 0001:00033b82       __isspace_l                10034b82 f i libucrt:_ctype.obj
 0001:00033bb8       _isdigit                   10034bb8 f i libucrt:_ctype.obj
 0001:00033be9       _isspace                   10034be9 f i libucrt:_ctype.obj
 0001:00033c20       _strncpy                   10034c20 f   libucrt:strncpy.obj
 0001:00033d50       _strpbrk                   10034d50 f   libucrt:strpbrk.obj
 0001:000342e6       ?__crt_stdio_path_requires_backslash@@YA_NQB_W@Z 100352e6 f i libucrt:popen.obj
 0001:00034392       __pclose                   10035392 f   libucrt:popen.obj
 0001:00034469       __wpopen                   10035469 f   libucrt:popen.obj
 0001:000346b1       ___acrt_stdio_flush_nolock 100356b1 f   libucrt:fflush.obj
 0001:00034716       __fflush_nolock            10035716 f   libucrt:fflush.obj
 0001:0003475e       __flushall                 1003575e f   libucrt:fflush.obj
 0001:00034767       _fflush                    10035767 f   libucrt:fflush.obj
 0001:000347bc       _clearerr                  100357bc f   libucrt:clearerr.obj
 0001:000347c1       _clearerr_s                100357c1 f   libucrt:clearerr.obj
 0001:0003492e       _fgets                     1003592e f   libucrt:fgets.obj
 0001:00034c6e       ___acrt_stdio_free_tmpfile_name_buffers_nolock 10035c6e f   libucrt:tmpfile.obj
 0001:00034cc9       _tmpfile                   10035cc9 f   libucrt:tmpfile.obj
 0001:00034d83       __fwrite_nolock            10035d83 f   libucrt:fwrite.obj
 0001:00034f04       _fwrite                    10035f04 f   libucrt:fwrite.obj
 0001:0003508f       _setvbuf                   1003608f f   libucrt:setvbuf.obj
 0001:0003516c       ??$assemble_floating_point_snan@N@__crt_strtox@@YAX_NAAN@Z 1003616c f i libucrt:input.obj
 0001:0003518d       ??$assemble_floating_point_value_t@M@__crt_strtox@@YA?AW4SLD_STATUS@@_NH_KAAM@Z 1003618d f i libucrt:input.obj
 0001:000351bd       ??$assemble_floating_point_value_t@N@__crt_strtox@@YA?AW4SLD_STATUS@@_NH_KAAN@Z 100361bd f i libucrt:input.obj
 0001:000351ff       ??$convert_decimal_string_to_floating_type@M@__crt_strtox@@YA?AW4SLD_STATUS@@ABUfloating_point_string@0@AAM@Z 100361ff f i libucrt:input.obj
 0001:00035220       ??$convert_decimal_string_to_floating_type@N@__crt_strtox@@YA?AW4SLD_STATUS@@ABUfloating_point_string@0@AAN@Z 10036220 f i libucrt:input.obj
 0001:00035241       ??$convert_hexadecimal_string_to_floating_type@M@__crt_strtox@@YA?AW4SLD_STATUS@@ABUfloating_point_string@0@AAM@Z 10036241 f i libucrt:input.obj
 0001:00035262       ??$convert_hexadecimal_string_to_floating_type@N@__crt_strtox@@YA?AW4SLD_STATUS@@ABUfloating_point_string@0@AAN@Z 10036262 f i libucrt:input.obj
 0001:00035283       ??$is_overflow_condition@_K@__crt_strtox@@YA_NI_K@Z 10036283 f i libucrt:input.obj
 0001:000352c4       ??$make_input_adapter_character_source@V?$stream_input_adapter@D@__crt_stdio_input@@@__crt_strtox@@YA?AV?$input_adapter_character_source@V?$stream_input_adapter@D@__crt_stdio_input@@@0@QAV?$stream_input_adapter@D@__crt_stdio_input@@_KQA_N@Z 100362c4 f i libucrt:input.obj
 0001:000352e2       ??$parse_floating_point@V?$input_adapter_character_source@V?$stream_input_adapter@D@__crt_stdio_input@@@__crt_strtox@@M@__crt_strtox@@YA?AW4SLD_STATUS@@QAU__crt_locale_pointers@@V?$input_adapter_character_source@V?$stream_input_adapter@D@__crt_stdio_input@@@0@QAM@Z 100362e2 f i libucrt:input.obj
 0001:0003535b       ??$parse_floating_point@V?$input_adapter_character_source@V?$stream_input_adapter@D@__crt_stdio_input@@@__crt_strtox@@N@__crt_strtox@@YA?AW4SLD_STATUS@@QAU__crt_locale_pointers@@V?$input_adapter_character_source@V?$stream_input_adapter@D@__crt_stdio_input@@@0@QAN@Z 1003635b f i libucrt:input.obj
 0001:000353d4       ??$parse_floating_point_from_source@V?$input_adapter_character_source@V?$stream_input_adapter@D@__crt_stdio_input@@@__crt_strtox@@@__crt_strtox@@YA?AW4floating_point_parse_result@0@QAU__crt_locale_pointers@@AAV?$input_adapter_character_source@V?$stream_input_adapter@D@__crt_stdio_input@@@0@AAUfloating_point_string@0@@Z 100363d4 f i libucrt:input.obj
 0001:00035831       ??$parse_floating_point_possible_infinity@DV?$input_adapter_character_source@V?$stream_input_adapter@D@__crt_stdio_input@@@__crt_strtox@@_K@__crt_strtox@@YA?AW4floating_point_parse_result@0@AADAAV?$input_adapter_character_source@V?$stream_input_adapter@D@__crt_stdio_input@@@0@_K@Z 10036831 f i libucrt:input.obj
 0001:000358f0       ??$parse_floating_point_possible_nan@DV?$input_adapter_character_source@V?$stream_input_adapter@D@__crt_stdio_input@@@__crt_strtox@@_K@__crt_strtox@@YA?AW4floating_point_parse_result@0@AADAAV?$input_adapter_character_source@V?$stream_input_adapter@D@__crt_stdio_input@@@0@_K@Z 100368f0 f i libucrt:input.obj
 0001:00035a0b       ??$parse_floating_point_possible_nan_is_ind@DV?$input_adapter_character_source@V?$stream_input_adapter@D@__crt_stdio_input@@@__crt_strtox@@@__crt_strtox@@YA_NAADAAV?$input_adapter_character_source@V?$stream_input_adapter@D@__crt_stdio_input@@@0@@Z 10036a0b f i libucrt:input.obj
 0001:00035a45       ??$parse_floating_point_possible_nan_is_snan@DV?$input_adapter_character_source@V?$stream_input_adapter@D@__crt_stdio_input@@@__crt_strtox@@@__crt_strtox@@YA_NAADAAV?$input_adapter_character_source@V?$stream_input_adapter@D@__crt_stdio_input@@@0@@Z 10036a45 f i libucrt:input.obj
 0001:00035a7f       ??$parse_floating_point_write_result@M@__crt_strtox@@YA?AW4SLD_STATUS@@W4floating_point_parse_result@0@ABUfloating_point_string@0@QAM@Z 10036a7f f i libucrt:input.obj
 0001:00035beb       ??$parse_floating_point_write_result@N@__crt_strtox@@YA?AW4SLD_STATUS@@W4floating_point_parse_result@0@ABUfloating_point_string@0@QAN@Z 10036beb f i libucrt:input.obj
 0001:00035d0f       ??$parse_integer@_KV?$input_adapter_character_source@V?$stream_input_adapter@D@__crt_stdio_input@@@__crt_strtox@@@__crt_strtox@@YA_KQAU__crt_locale_pointers@@V?$input_adapter_character_source@V?$stream_input_adapter@D@__crt_stdio_input@@@0@H_N@Z 10036d0f f i libucrt:input.obj
 0001:00035fcd       ??$process_floating_point_specifier_t@M@?$input_processor@DV?$stream_input_adapter@D@__crt_stdio_input@@@__crt_stdio_input@@AAE_NXZ 10036fcd f i libucrt:input.obj
 0001:00036033       ??$process_floating_point_specifier_t@N@?$input_processor@DV?$stream_input_adapter@D@__crt_stdio_input@@@__crt_stdio_input@@AAE_NXZ 10037033 f i libucrt:input.obj
 0001:00036099       ??$process_string_specifier_tchar@D@?$input_processor@DV?$stream_input_adapter@D@__crt_stdio_input@@@__crt_stdio_input@@AAE_NW4conversion_mode@1@D@Z 10037099 f i libucrt:input.obj
 0001:0003620a       ??$process_string_specifier_tchar@_W@?$input_processor@DV?$stream_input_adapter@D@__crt_stdio_input@@@__crt_stdio_input@@AAE_NW4conversion_mode@1@_W@Z 1003720a f i libucrt:input.obj
 0001:00036385       ??$skip_whitespace@Vstream_input_adapter@__crt_stdio_input@@D@__crt_stdio_input@@YAHAAV?$stream_input_adapter@D@0@QAU__crt_locale_pointers@@@Z 10037385 f i libucrt:input.obj
 0001:000363bc       ??$write_floating_point@M@?$input_processor@DV?$stream_input_adapter@D@__crt_stdio_input@@@__crt_stdio_input@@AAE_NABM@Z 100373bc f i libucrt:input.obj
 0001:000363f0       ??$write_floating_point@N@?$input_processor@DV?$stream_input_adapter@D@__crt_stdio_input@@@__crt_stdio_input@@AAE_NABN@Z 100373f0 f i libucrt:input.obj
 0001:0003642a       ??0?$format_string_parser@D@__crt_stdio_input@@QAE@_KQBE@Z 1003742a f i libucrt:input.obj
 0001:00036474       ??0?$input_adapter_character_source@V?$stream_input_adapter@D@__crt_stdio_input@@@__crt_strtox@@QAE@QAV?$stream_input_adapter@D@__crt_stdio_input@@_KQA_N@Z 10037474 f i libucrt:input.obj
 0001:000364a5       ??0?$input_processor@DV?$stream_input_adapter@D@__crt_stdio_input@@@__crt_stdio_input@@QAE@ABV?$stream_input_adapter@D@1@_KQBDQAU__crt_locale_pointers@@QAD@Z 100374a5 f i libucrt:input.obj
 0001:00036598       ?advance@?$format_string_parser@D@__crt_stdio_input@@QAE_NXZ 10037598 f i libucrt:input.obj
 0001:000366b0       ?as_double@floating_point_value@__crt_strtox@@QBEAANXZ 100376b0 f i libucrt:input.obj
 0001:000366d5       ?as_float@floating_point_value@__crt_strtox@@QBEAAMXZ 100376d5 f i libucrt:input.obj
 0001:000366fa       ?assemble_floating_point_infinity@__crt_strtox@@YAX_NABVfloating_point_value@1@@Z 100376fa f i libucrt:input.obj
 0001:0003673a       ?assemble_floating_point_value@__crt_strtox@@YA?AW4SLD_STATUS@@_KH_N1ABVfloating_point_value@1@@Z 1003773a f i libucrt:input.obj
 0001:00036a83       ?assemble_floating_point_value_from_big_integer@__crt_strtox@@YA?AW4SLD_STATUS@@ABUbig_integer@1@I_N1ABVfloating_point_value@1@@Z 10037a83 f i libucrt:input.obj
 0001:00036c17       ?assemble_floating_point_zero@__crt_strtox@@YAX_NABVfloating_point_value@1@@Z 10037c17 f i libucrt:input.obj
 0001:00036c4c       ?convert_decimal_string_to_floating_type_common@__crt_strtox@@YA?AW4SLD_STATUS@@ABUfloating_point_string@1@ABVfloating_point_value@1@@Z 10037c4c f i libucrt:input.obj
 0001:0003898b       ?convert_hexadecimal_string_to_floating_type_common@__crt_strtox@@YA?AW4SLD_STATUS@@ABUfloating_point_string@1@ABVfloating_point_value@1@@Z 1003998b f i libucrt:input.obj
 0001:00038a31       ?denormal_mantissa_mask@floating_point_value@__crt_strtox@@QBE_KXZ 10039a31 f i libucrt:input.obj
 0001:00038a50       ?divide@__crt_strtox@@YA_KAAUbig_integer@1@ABU21@@Z 10039a50 f i libucrt:input.obj
 0001:00038ee8       ?get@?$input_adapter_character_source@V?$stream_input_adapter@D@__crt_stdio_input@@@__crt_strtox@@QAEDXZ 10039ee8 f i libucrt:input.obj
 0001:00038f27       ?invert@?$scanset_buffer@E@__crt_stdio_input@@QAEXXZ 10039f27 f i libucrt:input.obj
 0001:00038f45       ?is_character_allowed_in_string@?$input_processor@DV?$stream_input_adapter@D@__crt_stdio_input@@@__crt_stdio_input@@ABE_NW4conversion_mode@2@H@Z 10039f45 f i libucrt:input.obj
 0001:00038f95       ?length@?$format_string_parser@D@__crt_stdio_input@@QBEIXZ 10039f95 f i libucrt:input.obj
 0001:00038fd6       ?normal_mantissa_mask@floating_point_value@__crt_strtox@@QBE_KXZ 10039fd6 f i libucrt:input.obj
 0001:00038fed       ?process@?$input_processor@DV?$stream_input_adapter@D@__crt_stdio_input@@@__crt_stdio_input@@QAEHXZ 10039fed f i libucrt:input.obj
 0001:00039078       ?process_character_count_specifier@?$input_processor@DV?$stream_input_adapter@D@__crt_stdio_input@@@__crt_stdio_input@@AAE_NXZ 1003a078 f i libucrt:input.obj
 0001:0003908c       ?process_conversion_specifier@?$input_processor@DV?$stream_input_adapter@D@__crt_stdio_input@@@__crt_stdio_input@@AAE_NXZ 1003a08c f i libucrt:input.obj
 0001:00039100       ?process_floating_point_specifier@?$input_processor@DV?$stream_input_adapter@D@__crt_stdio_input@@@__crt_stdio_input@@AAE_NXZ 1003a100 f i libucrt:input.obj
 0001:00039130       ?process_integer_specifier@?$input_processor@DV?$stream_input_adapter@D@__crt_stdio_input@@@__crt_stdio_input@@AAE_NI_N@Z 1003a130 f i libucrt:input.obj
 0001:00039192       ?process_literal_character@?$input_processor@DV?$stream_input_adapter@D@__crt_stdio_input@@@__crt_stdio_input@@AAE_NXZ 1003a192 f i libucrt:input.obj
 0001:000391c8       ?process_literal_character_tchar@?$input_processor@DV?$stream_input_adapter@D@__crt_stdio_input@@@__crt_stdio_input@@AAE_ND@Z 1003a1c8 f i libucrt:input.obj
 0001:0003921f       ?process_state@?$input_processor@DV?$stream_input_adapter@D@__crt_stdio_input@@@__crt_stdio_input@@AAE_NXZ 1003a21f f i libucrt:input.obj
 0001:00039261       ?process_string_specifier@?$input_processor@DV?$stream_input_adapter@D@__crt_stdio_input@@@__crt_stdio_input@@AAE_NW4conversion_mode@2@@Z 1003a261 f i libucrt:input.obj
 0001:000392a9       ?process_whitespace@?$input_processor@DV?$stream_input_adapter@D@__crt_stdio_input@@@__crt_stdio_input@@AAE_NXZ 1003a2a9 f i libucrt:input.obj
 0001:000392c6       ?restore_state@?$input_adapter_character_source@V?$stream_input_adapter@D@__crt_stdio_input@@@__crt_strtox@@QAE_N_K@Z 1003a2c6 f i libucrt:input.obj
 0001:000392eb       ?scan_conversion_specifier@?$format_string_parser@D@__crt_stdio_input@@AAE_NXZ 1003a2eb f i libucrt:input.obj
 0001:0003945b       ?scan_optional_field_width@?$format_string_parser@D@__crt_stdio_input@@AAE_NXZ 1003a45b f i libucrt:input.obj
 0001:000394f8       ?scan_optional_length_modifier@?$format_string_parser@D@__crt_stdio_input@@AAEXXZ 1003a4f8 f i libucrt:input.obj
 0001:00039607       ?scan_optional_literal_character_trail_bytes_tchar@?$format_string_parser@D@__crt_stdio_input@@AAE_ND@Z 1003a607 f i libucrt:input.obj
 0001:00039659       ?scan_optional_wide_modifier@?$format_string_parser@D@__crt_stdio_input@@AAEXXZ 1003a659 f i libucrt:input.obj
 0001:00039677       ?scan_scanset_range@?$format_string_parser@D@__crt_stdio_input@@AAE_NXZ 1003a677 f i libucrt:input.obj
 0001:000397af       ?set_wide_for_c_s_or_scanset@?$format_string_parser@D@__crt_stdio_input@@AAEXXZ 1003a7af f i libucrt:input.obj
 0001:000397cf       ?to_floating_point_length@__crt_stdio_input@@YAIW4length_modifier@1@@Z 1003a7cf f i libucrt:input.obj
 0001:000397f2       ?to_integer_length@__crt_stdio_input@@YAIW4length_modifier@1@@Z 1003a7f2 f i libucrt:input.obj
 0001:00039845       ?unget@?$input_adapter_character_source@V?$stream_input_adapter@D@__crt_stdio_input@@@__crt_strtox@@QAEXD@Z 1003a845 f i libucrt:input.obj
 0001:0003988c       ?unget@?$stream_input_adapter@D@__crt_stdio_input@@QAEXH@Z 1003a88c f i libucrt:input.obj
 0001:000398aa       ?validate@?$format_string_parser@D@__crt_stdio_input@@QBE_NXZ 1003a8aa f i libucrt:input.obj
 0001:000398c6       ?validate@?$input_adapter_character_source@V?$stream_input_adapter@D@__crt_stdio_input@@@__crt_strtox@@QBE_NXZ 1003a8c6 f i libucrt:input.obj
 0001:000398e7       ?write_character@?$input_processor@DV?$stream_input_adapter@D@__crt_stdio_input@@@__crt_stdio_input@@AAE_NQA_WIAAPA_WAAID@Z 1003a8e7 f i libucrt:input.obj
 0001:0003995d       ?write_integer@?$input_processor@DV?$stream_input_adapter@D@__crt_stdio_input@@@__crt_stdio_input@@AAE_N_K@Z 1003a95d f i libucrt:input.obj
 0001:000399cb       ___stdio_common_vfscanf    1003a9cb f   libucrt:input.obj
 0001:0003a028       __ftelli64                 1003b028 f   libucrt:ftell.obj
 0001:0003a033       __ftelli64_nolock          1003b033 f   libucrt:ftell.obj
 0001:0003a03e       ?LongLongSub@@YAJ_J0PA_J@Z 1003b03e f i libucrt:fseek.obj
 0001:0003a2fa       __fseeki64                 1003b2fa f   libucrt:fseek.obj
 0001:0003a529       __wdupenv_s                1003b529 f   libucrt:getenv.obj
 0001:0003a547       __wgetenv                  1003b547 f   libucrt:getenv.obj
 0001:0003a650       __wsystem                  1003b650 f   libucrt:system.obj
 0001:0003a65b       ___ascii_stricmp           1003b65b f   libucrt:stricmp.obj
 0001:0003a694       __stricmp                  1003b694 f   libucrt:stricmp.obj
 0001:0003a6dd       __stricmp_l                1003b6dd f   libucrt:stricmp.obj
 0001:0003a76b       _wcscmp                    1003b76b f   libucrt:wcscmp.obj
 0001:0003a7ab       __seh_filter_dll           1003b7ab f   libucrt:exception_filter.obj
 0001:0003a7cb       __seh_filter_exe           1003b7cb f   libucrt:exception_filter.obj
 0001:0003ab99       ___acrt_initialize_thread_local_exit_callback 1003bb99 f   libucrt:exit.obj
 0001:0003aba8       __cexit                    1003bba8 f   libucrt:exit.obj
 0001:0003abb7       __exit                     1003bbb7 f   libucrt:exit.obj
 0001:0003abcd       __is_c_termination_complete 1003bbcd f   libucrt:exit.obj
 0001:0003ae81       ___acrt_allocate_buffer_for_argv 1003be81 f   libucrt:argv_parsing.obj
 0001:0003aed0       __configure_narrow_argv    1003bed0 f   libucrt:argv_parsing.obj
 0001:0003b231       ??$uninitialize@A6AXAAPAPA_W@Z@?$dual_state_global@PAPA_W@__crt_state_management@@QAEXA6AXAAPAPA_W@Z@Z 1003c231 f i libucrt:environment_initialization.obj
 0001:0003b231       ??$uninitialize@A6AXAAPAPAD@Z@?$dual_state_global@PAPAD@__crt_state_management@@QAEXA6AXAAPAPAD@Z@Z 1003c231 f i libucrt:environment_initialization.obj
 0001:0003b290       ___dcrt_get_or_create_wide_environment_nolock 1003c290 f   libucrt:environment_initialization.obj
 0001:0003b295       ___dcrt_uninitialize_environments_nolock 1003c295 f   libucrt:environment_initialization.obj
 0001:0003b2cc       __initialize_narrow_environment 1003c2cc f   libucrt:environment_initialization.obj
 0001:0003b387       ??$__crt_fast_encode_pointer@P6AHXZ@@YAP6AHXZQ6AHXZ@Z 1003c387 f i libucrt:onexit.obj
 0001:0003b387       ??$__crt_fast_encode_pointer@PAP6AXXZ@@YAPAP6AXXZQAP6AXXZ@Z 1003c387 f i libucrt:onexit.obj
 0001:0003b387       ??$__crt_fast_encode_pointer@PAX@@YAPAXQAX@Z 1003c387 f i libucrt:initialization.obj
 0001:0003b5a9       __crt_atexit               1003c5a9 f   libucrt:onexit.obj
 0001:0003b5bf       __execute_onexit_table     1003c5bf f   libucrt:onexit.obj
 0001:0003b5ec       __initialize_onexit_table  1003c5ec f   libucrt:onexit.obj
 0001:0003b615       __register_onexit_function 1003c615 f   libucrt:onexit.obj
 0001:0003b648       ___acrt_uninitialize_command_line 1003c648 f   libucrt:argv_data.obj
 0001:0003b746       ___acrt_initialize         1003c746 f   libucrt:initialization.obj
 0001:0003b758       ___acrt_thread_attach      1003c758 f   libucrt:initialization.obj
 0001:0003b763       ___acrt_thread_detach      1003c763 f   libucrt:initialization.obj
 0001:0003b76b       ___acrt_uninitialize       1003c76b f   libucrt:initialization.obj
 0001:0003b79b       ___acrt_uninitialize_critical 1003c79b f   libucrt:initialization.obj
 0001:0003b7ad       __initterm                 1003c7ad f   libucrt:initterm.obj
 0001:0003b7f2       __initterm_e               1003c7f2 f   libucrt:initterm.obj
 0001:0003b820       _terminate                 1003c820 f   libucrt:terminate.obj
 0001:0003b85c       _abort                     1003c85c f   libucrt:abort.obj
 0001:0003b8a0       _strcpy_s                  1003c8a0 f   libucrt:strcpy_s.obj
 0001:0003b8fa       _calloc                    1003c8fa f   libucrt:calloc.obj
 0001:0003b905       ??$is_overflow_condition@K@__crt_strtox@@YA_NIK@Z 1003c905 f i libucrt:atox.obj
 0001:0003b936       ??$parse_integer@KV?$c_string_character_source@D@__crt_strtox@@@__crt_strtox@@YAKQAU__crt_locale_pointers@@V?$c_string_character_source@D@0@H_N@Z 1003c936 f i libucrt:atox.obj
 0001:0003bb5b       ??$parse_integer@KV?$c_string_character_source@_W@__crt_strtox@@@__crt_strtox@@YAKQAU__crt_locale_pointers@@V?$c_string_character_source@_W@0@H_N@Z 1003cb5b f i libucrt:atox.obj
 0001:0003c163       ??$parse_integer@_KV?$c_string_character_source@D@__crt_strtox@@@__crt_strtox@@YA_KQAU__crt_locale_pointers@@V?$c_string_character_source@D@0@H_N@Z 1003d163 f i libucrt:atox.obj
 0001:0003c409       ?unget@?$c_string_character_source@D@__crt_strtox@@QAEXD@Z 1003d409 f i libucrt:atox.obj
 0001:0003c432       ?unget@?$c_string_character_source@_W@__crt_strtox@@QAEX_W@Z 1003d432 f i libucrt:atox.obj
 0001:0003c460       _wcsncmp                   1003d460 f   libucrt:wcsncmp.obj
 0001:0003c49a       ___acrt_call_reportfault   1003d49a f   libucrt:invalid_parameter.obj
 0001:0003c5d3       ___acrt_initialize_invalid_parameter_handler 1003d5d3 f   libucrt:invalid_parameter.obj
 0001:0003c5e2       __invalid_parameter        1003d5e2 f   libucrt:invalid_parameter.obj
 0001:0003c646       __invalid_parameter_noinfo 1003d646 f   libucrt:invalid_parameter.obj
 0001:0003c656       __invoke_watson            1003d656 f   libucrt:invalid_parameter.obj
 0001:0003c68a       __free_base                1003d68a f   libucrt:free_base.obj
 0001:0003c6c4       __malloc_base              1003d6c4 f   libucrt:malloc_base.obj
 0001:0003c712       ??$make_c_string_character_source@_WPAPA_W@__crt_strtox@@YA?AV?$c_string_character_source@_W@0@QB_WQAPA_W@Z 1003d712 f i libucrt:strtox.obj
 0001:0003c712       ??$make_c_string_character_source@DPAPAD@__crt_strtox@@YA?AV?$c_string_character_source@D@0@QBDQAPAD@Z 1003d712 f i libucrt:strtox.obj
 0001:0003c72d       _strtol                    1003d72d f   libucrt:strtox.obj
 0001:0003c757       _strtoull                  1003d757 f   libucrt:strtox.obj
 0001:0003c781       _wcstol                    1003d781 f   libucrt:strtox.obj
 0001:0003c7ab       __mbtowc_l                 1003d7ab f   libucrt:mbtowc.obj
 0001:0003c8ed       _mbtowc                    1003d8ed f   libucrt:mbtowc.obj
 0001:0003c907       __wctomb_s_l               1003d907 f   libucrt:wctomb.obj
 0001:0003ca62       _wctomb_s                  1003da62 f   libucrt:wctomb.obj
 0001:0003ca7f       _strnlen                   1003da7f f   libucrt:strnlen.obj
 0001:0003cba1       _wcsnlen                   1003dba1 f   libucrt:strnlen.obj
 0001:0003d08f       ___acrt_freeptd            1003e08f f   libucrt:per_thread_data.obj
 0001:0003d0bb       ___acrt_getptd             1003e0bb f   libucrt:per_thread_data.obj
 0001:0003d178       ___acrt_getptd_head        1003e178 f   libucrt:per_thread_data.obj
 0001:0003d212       ___acrt_getptd_noexit      1003e212 f   libucrt:per_thread_data.obj
 0001:0003d2c7       ___acrt_initialize_ptd     1003e2c7 f   libucrt:per_thread_data.obj
 0001:0003d2f3       ___acrt_uninitialize_ptd   1003e2f3 f   libucrt:per_thread_data.obj
 0001:0003d30d       ___acrt_update_locale_info 1003e30d f   libucrt:locale_update.obj
 0001:0003d33a       ___acrt_update_multibyte_info 1003e33a f   libucrt:locale_update.obj
 0001:0003d367       ?__acrt_fp_classify@@YA?AW4__acrt_fp_class@@ABN@Z 1003e367 f i libucrt:cvt.obj
 0001:0003dbb2       ___acrt_fp_format          1003ebb2 f   libucrt:cvt.obj
 0001:0003dced       __fileno                   1003eced f   libucrt:fileno.obj
 0001:0003dd14       __fputc_nolock             1003ed14 f   libucrt:fputc.obj
 0001:0003dd3d       __get_printf_count_output  1003ed3d f   libucrt:printf_count_output.obj
 0001:0003dd52       ___acrt_stdio_begin_temporary_buffering_nolock 1003ed52 f   libucrt:_sftbuf.obj
 0001:0003de05       ___acrt_stdio_end_temporary_buffering_nolock 1003ee05 f   libucrt:_sftbuf.obj
 0001:0003dead       ___acrt_set_locale_changed 1003eead f   libucrt:wsetlocale.obj
 0001:0003deb8       ___acrt_uninitialize_locale 1003eeb8 f   libucrt:wsetlocale.obj
 0001:0003e049       ___acrt_initialize_lowio   1003f049 f   libucrt:ioinit.obj
 0001:0003e0a9       ___acrt_uninitialize_lowio 1003f0a9 f   libucrt:ioinit.obj
 0001:0003e161       __close                    1003f161 f   libucrt:close.obj
 0001:0003e1ee       __close_nolock             1003f1ee f   libucrt:close.obj
 0001:0003e28a       ?__acrt_stdio_allocate_stream@@YA?AV__crt_stdio_stream@@XZ 1003f28a f   libucrt:stream.obj
 0001:0003e2f3       ?__acrt_stdio_free_stream@@YAXV__crt_stdio_stream@@@Z 1003f2f3 f   libucrt:stream.obj
[...]
 0002:000132d8       __sehtable$??$?RV<lambda_6affb1475c98b40b75cdec977db92e3c>@@AAV<lambda_b8d4b9c228a6ecc3f80208dbb4b4a104>@@V<lambda_608742c3c92a14382c1684fc64f96c88>@@@?$__crt_seh_guarded_call@X@@QAEX$$QAV<lambda_6affb1475c98b40b75cdec977db92e3c>@@AAV<lambda_b8d4b9c228a6ecc3f80208dbb4b4a104>@@$$QAV<lambda_608742c3c92a14382c1684fc64f96c88>@@@Z 1005f2d8     libucrt:per_thread_data.obj
 0002:000132f8       __sehtable$??$?RV<lambda_e5124f882df8998aaf41531e079ba474>@@AAV<lambda_3e16ef9562a7dcce91392c22ab16ea36>@@V<lambda_e25ca0880e6ef98be67edffd8c599615>@@@?$__crt_seh_guarded_call@X@@QAEX$$QAV<lambda_e5124f882df8998aaf41531e079ba474>@@AAV<lambda_3e16ef9562a7dcce91392c22ab16ea36>@@$$QAV<lambda_e25ca0880e6ef98be67edffd8c599615>@@@Z 1005f2f8     libucrt:wsetlocale.obj
 0002:00013318       __sehtable$___acrt_initialize_lowio 1005f318     libucrt:ioinit.obj
 0002:00013338       __sehtable$??$?RV<lambda_218ce3db14220d0be481dae8ef3383b6>@@AAV<lambda_628dfdc04ba53c8bfc02c9951375f3f5>@@V<lambda_57dc472bd5c9d5f3b2cbca59b8a843ae>@@@?$__crt_seh_guarded_call@H@@QAEH$$QAV<lambda_218ce3db14220d0be481dae8ef3383b6>@@AAV<lambda_628dfdc04ba53c8bfc02c9951375f3f5>@@$$QAV<lambda_57dc472bd5c9d5f3b2cbca59b8a843ae>@@@Z 1005f338     libucrt:close.obj
 0002:00013358       __sehtable$?__acrt_stdio_allocate_stream@@YA?AV__crt_stdio_stream@@XZ 1005f358     libucrt:stream.obj
 0002:00013378       __sehtable$_raise          1005f378     libucrt:signal.obj
 0002:00013398       __sehtable$??$?RV<lambda_cbab9ec6f41b0180b23cc171c22676b0>@@AAV<lambda_44731a7d0e6d81c3e6aa82d741081786>@@V<lambda_4b292cb8dd18144e164572427af410ab>@@@?$__crt_seh_guarded_call@P6AXH@Z@@QAEP6AXH@Z$$QAV<lambda_cbab9ec6f41b0180b23cc171c22676b0>@@AAV<lambda_44731a7d0e6d81c3e6aa82d741081786>@@$$QAV<lambda_4b292cb8dd18144e164572427af410ab>@@@Z 1005f398     libucrt:signal.obj
 0002:000133b8       __sehtable$___set_fpsr_sse2 1005f3b8     libucrt:fpctrl.obj
 0002:000133d8       __sehtable$__fcloseall     1005f3d8     libucrt:closeall.obj
 0002:000133f8       __sehtable$??$common_lseek@J@@YAJHJH@Z 1005f3f8     libucrt:lseek.obj
 0002:00013418       __sehtable$??$common_lseek@_J@@YA_JH_JH@Z 1005f418     libucrt:lseek.obj
 0002:00013438       __sehtable$__read          1005f438     libucrt:read.obj
 0002:00013458       __sehtable$__pipe          1005f458     libucrt:pipe.obj
 0002:00013480       __sehtable$??$common_fdopen@_W@@YAPAU_iobuf@@HQB_W@Z 1005f480     libucrt:fdopen.obj
 0002:000134a0       __sehtable$??$?RV<lambda_9e9de3de5fa147e2223d7db92bc10aa6>@@AAV<lambda_38ce7e780aa69e748d6df282ebc68efe>@@V<lambda_8ca6da459f0f6780f1cff60fdc3d00e5>@@@?$__crt_seh_guarded_call@H@@QAEH$$QAV<lambda_9e9de3de5fa147e2223d7db92bc10aa6>@@AAV<lambda_38ce7e780aa69e748d6df282ebc68efe>@@$$QAV<lambda_8ca6da459f0f6780f1cff60fdc3d00e5>@@@Z 1005f4a0     libucrt:commit.obj
 0002:000134c0       __sehtable$__write         1005f4c0     libucrt:write.obj
 0002:000134e0       __sehtable$??$common_sopen_dispatch@D@@YAHQBDHHHQAHH@Z 1005f4e0     libucrt:open.obj
 0002:00013500       __sehtable$??$common_sopen_dispatch@_W@@YAHQB_WHHHQAHH@Z 1005f500     libucrt:open.obj
 0002:00013520       __sehtable$__rmtmp         1005f520     libucrt:rmtmp.obj
 0002:00013548       __sehtable$??$?RV<lambda_1f7e3ac85ca3635646511ad93ac0febe>@@AAV<lambda_555255fdfb9471e5fa7bfca50021c162>@@V<lambda_24f51f8b0c33fe186c624e6675644b7a>@@@?$__crt_seh_guarded_call@_N@@QAE_N$$QAV<lambda_1f7e3ac85ca3635646511ad93ac0febe>@@AAV<lambda_555255fdfb9471e5fa7bfca50021c162>@@$$QAV<lambda_24f51f8b0c33fe186c624e6675644b7a>@@@Z 1005f548     libucrt:spawnv.obj
 0002:00013568       __sehtable$?update_thread_multibyte_data_internal@@YAPAU__crt_multibyte_data@@QAU__acrt_ptd@@QAPAU1@@Z 1005f568     libucrt:mbctype.obj
 0002:00013588       __sehtable$??$?RV<lambda_ceb1ee4838e85a9d631eb091e2fbe199>@@AAV<lambda_ae742caa10f662c28703da3d2ea5e57e>@@V<lambda_cd08b5d6af4937fe54fc07d0c9bf6b37>@@@?$__crt_seh_guarded_call@X@@QAEX$$QAV<lambda_ceb1ee4838e85a9d631eb091e2fbe199>@@AAV<lambda_ae742caa10f662c28703da3d2ea5e57e>@@$$QAV<lambda_cd08b5d6af4937fe54fc07d0c9bf6b37>@@@Z 1005f588     libucrt:mbctype.obj
 0002:000135a8       __sehtable$__query_new_handler 1005f5a8     libucrt:new_handler.obj
 0002:000135c8       __sehtable$___acrt_update_thread_locale_data 1005f5c8     libucrt:locale_refcounting.obj
 0002:000135e8       __sehtable$__alloc_osfhnd  1005f5e8     libucrt:osfinfo.obj
 0002:00013608       __sehtable$___acrt_lowio_ensure_fh_exists 1005f608     libucrt:osfinfo.obj
 0002:00013628       __sehtable$__IsNonwritableInCurrentImage 1005f628     LIBCMT:pesect.obj
 0002:00013650       .edata                     1005f650     luafar3.exp
 0002:00013678       rgpv                       1005f678     luafar3.exp
 0002:00013724       rgszName                   1005f724     luafar3.exp
 0002:000137d0       rgwOrd                     1005f7d0     luafar3.exp
 0002:00013826       szName                     1005f826     luafar3.exp
 0002:00013832       $N00001                    1005f832     luafar3.exp
 0002:0001383d       $N00002                    1005f83d     luafar3.exp
 0002:0001384d       $N00003                    1005f84d     luafar3.exp
 0002:0001385b       $N00004                    1005f85b     luafar3.exp
 0002:00013866       $N00005                    1005f866     luafar3.exp
 0002:00013873       $N00006                    1005f873     luafar3.exp
 0002:00013882       $N00007                    1005f882     luafar3.exp
 0002:0001388d       $N00008                    1005f88d     luafar3.exp
 0002:00013897       $N00009                    1005f897     luafar3.exp
 0002:000138a2       $N00010                    1005f8a2     luafar3.exp
 0002:000138b5       $N00011                    1005f8b5     luafar3.exp
 0002:000138c5       $N00012                    1005f8c5     luafar3.exp
 0002:000138d7       $N00013                    1005f8d7     luafar3.exp
 0002:000138eb       $N00014                    1005f8eb     luafar3.exp
 0002:000138f7       $N00015                    1005f8f7     luafar3.exp
 0002:00013906       $N00016                    1005f906     luafar3.exp
 0002:00013917       $N00017                    1005f917     luafar3.exp
 0002:00013927       $N00018                    1005f927     luafar3.exp
 0002:0001393b       $N00019                    1005f93b     luafar3.exp
 0002:0001394c       $N00020                    1005f94c     luafar3.exp
 0002:00013954       $N00021                    1005f954     luafar3.exp
 0002:00013965       $N00022                    1005f965     luafar3.exp
 0002:00013976       $N00023                    1005f976     luafar3.exp
 0002:00013982       $N00024                    1005f982     luafar3.exp
 0002:00013993       $N00025                    1005f993     luafar3.exp
 0002:000139a4       $N00026                    1005f9a4     luafar3.exp
 0002:000139af       $N00027                    1005f9af     luafar3.exp
 0002:000139b7       $N00028                    1005f9b7     luafar3.exp
 0002:000139ce       $N00029                    1005f9ce     luafar3.exp
 0002:000139e4       $N00030                    1005f9e4     luafar3.exp
 0002:000139fa       $N00031                    1005f9fa     luafar3.exp
 0002:00013a10       $N00032                    1005fa10     luafar3.exp
 0002:00013a22       $N00033                    1005fa22     luafar3.exp
 0002:00013a35       $N00034                    1005fa35     luafar3.exp
 0002:00013a4a       $N00035                    1005fa4a     luafar3.exp
 0002:00013a5f       $N00036                    1005fa5f     luafar3.exp
 0002:00013a76       $N00037                    1005fa76     luafar3.exp
 0002:00013a8c       $N00038                    1005fa8c     luafar3.exp
 0002:00013a98       $N00039                    1005fa98     luafar3.exp
 0002:00013aac       $N00040                    1005faac     luafar3.exp
 0002:00013abd       $N00041                    1005fabd     luafar3.exp
 0002:00013acd       $N00042                    1005facd     luafar3.exp
 0002:00013adc       $N00043                    1005fadc     luafar3.exp
 0002:00014476       .idata$6                   10060476     kernel32:KERNEL32.dll
 0002:0001451c       .idata$6                   1006051c     advapi32:ADVAPI32.dll
 0002:00014538       .idata$6                   10060538     user32:USER32.dll
 0002:00014568       .idata$6                   10060568     shell32:SHELL32.dll
 0002:000145b6       .idata$6                   100605b6     rpcrt4:RPCRT4.dll
 0002:00014b5e       .idata$6                   10060b5e     lua51:lua51.dll
 0003:00000010       ?__vcrt_flsindex@@3KA      10061010     libvcruntime:per_thread_data.obj
 0003:000000d8       ?errno_no_memory@@3HA      100610d8     libucrt:errno.obj
 0003:000000dc       ?doserrno_no_memory@@3KA   100610dc     libucrt:errno.obj
 0003:000000e4       ?__acrt_flsindex@@3KA      100610e4     libucrt:per_thread_data.obj
 0003:000001e8       ?__DAZ_ENABLED@?1??__set_fpsr_sse2@@9@9 100611e8     libucrt:fpctrl.obj
 0003:00000518       __mbctypes                 10061518     libucrt:mbctype.obj
 0003:00000620       __mbcasemaps               10061620     libucrt:mbctype.obj
 0003:00000720       ?__rgctypeflag@@3PADA      10061720     libucrt:mbctype.obj
 0003:00000728       ?__rgcode_page_info@@3PAUcode_page_info@@A 10061728     libucrt:mbctype.obj
 0003:00000880       ?__dcrt_lowio_console_output_handle@@3PAXA 10061880     libucrt:initcon.obj
 0003:000008b0       _unprintable_table         100618b0     lutf8lib.obj
 0003:00000970       _tolower_table             10061970     lutf8lib.obj
 0003:00001490       _alpha_table               10062490     lutf8lib.obj
 0003:00003570       _doublewidth_table         10064570     lutf8lib.obj
 0003:00003aa0       _toupper_table             10064aa0     lutf8lib.obj
 0003:000046b0       _xdigit_table              100656b0     lutf8lib.obj
 0003:00004700       _upper_table               10065700     lutf8lib.obj
 0003:00004e50       _digit_table               10065e50     lutf8lib.obj
 0003:00005150       _cntrl_table               10066150     lutf8lib.obj
 0003:00005290       _compose_table             10066290     lutf8lib.obj
 0003:00006190       _totitle_table             10067190     lutf8lib.obj
 0003:00006dc0       _alnum_extend_table        10067dc0     lutf8lib.obj
 0003:00007420       _graph_table               10068420     lutf8lib.obj
 0003:00009b90       _lower_table               1006ab90     lutf8lib.obj
 0003:0000a3e0       _tofold_table              1006b3e0     lutf8lib.obj
 0003:0000b040       _punct_table               1006c040     lutf8lib.obj
 0003:0000ba40       _space_table               1006ca40     lutf8lib.obj
 0003:0000baa0       _ambiwidth_table           1006caa0     lutf8lib.obj
 0003:0000c198       _GS_ExceptionRecord        1006d198     LIBCMT:gs_report.obj
 0003:0000c1e8       _GS_ContextRecord          1006d1e8     LIBCMT:gs_report.obj
 0003:0000c4bc       ?is_initialized_as_dll@@3_NA 1006d4bc     LIBCMT:utility.obj
 0003:0000c4bd       ?module_local_atexit_table_initialized@@3_NA 1006d4bd     LIBCMT:utility.obj
 0003:0000c4c0       ?module_local_atexit_table@@3U_onexit_table_t@@A 1006d4c0     LIBCMT:utility.obj
 0003:0000c4cc       ?module_local_at_quick_exit_table@@3U_onexit_table_t@@A 1006d4cc     LIBCMT:utility.obj
 0003:0000c4d8       ?__proc_attached@@3HA      1006d4d8     LIBCMT:dll_dllmain.obj
 0003:0000c4fc       ?__vcrt_startup_thread_ptd@@3U__vcrt_ptd@@A 1006d4fc     libvcruntime:per_thread_data.obj
 0003:0000c524       ___vcrt_lock_table         1006d524     libvcruntime:locks.obj
 0003:0000c53c       ___vcrt_locks_initialized  1006d53c     libvcruntime:locks.obj
 0003:0000c568       ?heap@@3V_HeapManager@@A   1006d568     libvcruntime:undname.obj
 0003:0000c57c       ?module_handles@@3PAPAUHINSTANCE__@@A 1006d57c     libvcruntime:winapi_downlevel.obj
 0003:0000c588       ?function_pointers@@3PAPAXA 1006d588     libvcruntime:winapi_downlevel.obj
 0003:0000c5ac       ?__idtabsiz@@3IA           1006d5ac     libucrt:popen.obj
 0003:0000c5b0       ?__idpairs@@3PAUprocess_handle_pair@?A0xe43b7539@@A 1006d5b0     libucrt:popen.obj
 0003:0000c5b4       ?narrow_tmpfile_buffer_pointers@@3PAPADA 1006d5b4     libucrt:tmpfile.obj
 0003:0000c5c0       ?wide_tmpfile_buffer_pointers@@3PAPA_WA 1006d5c0     libucrt:tmpfile.obj
 0003:0000c5cc       ?c_termination_complete@@3JA 1006d5cc     libucrt:exit.obj
 0003:0000c5d0       ?thread_local_exit_callback_func@@3P6GXPAXK0@ZA 1006d5d0     libucrt:exit.obj
 0003:0000c5d8       ?program_name@?1???$common_configure_argv@D@@YAHW4_crt_argv_mode@@@Z@4PADA 1006d5d8     libucrt:argv_parsing.obj
 0003:0000c708       ?__acrt_invalid_parameter_handler@@3V?$dual_state_global@P6AXPB_W00II@Z@__crt_state_management@@A 1006d708     libucrt:invalid_parameter.obj
 0003:0000c70c       ?internal_state@?1??_mbtowc_l@@9@4U_Mbstatet@@A 1006d70c     libucrt:mbtowc.obj
 0003:0000c714       ?enable_percent_n@@3IA     1006d714     libucrt:printf_count_output.obj
 0003:0000c92c       ?ctrlc_action@@3V?$dual_state_global@P6AXH@Z@__crt_state_management@@A 1006d92c     libucrt:signal.obj
 0003:0000c930       ?ctrlbreak_action@@3V?$dual_state_global@P6AXH@Z@__crt_state_management@@A 1006d930     libucrt:signal.obj
 0003:0000c934       ?abort_action@@3V?$dual_state_global@P6AXH@Z@__crt_state_management@@A 1006d934     libucrt:signal.obj
 0003:0000c938       ?term_action@@3V?$dual_state_global@P6AXH@Z@__crt_state_management@@A 1006d938     libucrt:signal.obj
 0003:0000c940       ?module_handles@@3PAPAUHINSTANCE__@@A 1006d940     libucrt:winapi_thunks.obj
 0003:0000c990       ?encoded_function_pointers@@3PAPAXA 1006d990     libucrt:winapi_thunks.obj
 0003:0000ca18       ?__acrt_lock_table@@3PAU_RTL_CRITICAL_SECTION@@A 1006da18     libucrt:locks.obj
 0003:0000cb68       ?__acrt_locks_initialized@@3IA 1006db68     libucrt:locks.obj
 0003:0000cb7c       ?fSystemSet@@3HA           1006db7c     libucrt:mbctype.obj
 0003:0000cb80       ?initialized@?1??__acrt_initialize_multibyte@@9@4_NA 1006db80     libucrt:mbctype.obj
 0003:0000cba0       ?__acrt_new_handler@@3V?$dual_state_global@P6AHI@Z@__crt_state_management@@A 1006dba0     libucrt:new_handler.obj
 0003:0000cba4       ?user_matherr@@3V?$dual_state_global@P6AHPAU_exception@@@Z@__crt_state_management@@A 1006dba4     libucrt:matherr.obj
 0003:0000cba8       ?__acrt_global_new_mode@@3V?$dual_state_global@J@__crt_state_management@@A 1006dba8     libucrt:new_mode.obj
 0003:0000cbb8       ?internal_pst@?1??__mbrtoc32_utf8@__crt_mbstring@@YAIPA_UPBDIPAU_Mbstatet@@@Z@4U3@A 1006dbb8     libucrt:mbrtoc32.obj
 0003:0000cbc0       ?__acrt_app_type@@3W4_crt_app_type@@A 1006dbc0     libucrt:report_runtime_error.obj
 0003:0000cbcc       __pmatherr_set             1006dbcc     libucrt:libm_error.obj
 0003:0000cbd0       _luaopen_bit               1006dbd0     service.obj
 0003:0000cbd4       _luaopen_ffi               1006dbd4     service.obj
 0003:0000cbd8       _luaopen_jit               1006dbd8     service.obj
 0003:0000cbdc       ?Function@?1??RtlFirstEntrySListWrapper@@9@4@4Q6GPAU_SINGLE_LIST_ENTRY@@PAT_SLIST_HEADER@@@ZA 1006dbdc     vc_crt_fix_impl.obj
 0003:0000cbe0       ?$S17@?1??CompareStringExWrapper@@9@36@4IA 1006dbe0     vc_crt_fix_impl.obj
 0003:0000cbe4       ?Cookie@?1??XorPointer@@YAPAXPAX@Z@4IB 1006dbe4     vc_crt_fix_impl.obj
 0003:0000cbe8       ?$S1@?1??XorPointer@@YAPAXPAX@Z@4IA 1006dbe8     vc_crt_fix_impl.obj
 0003:0000cbec       ?Function@?1??CompareStringExWrapper@@9@36@4Q6GHPB_WK0H0HPAU_nlsversioninfo@@PAXJ@ZA 1006dbec     vc_crt_fix_impl.obj
 0003:0000cbf0       ?Function@?1??InterlockedPushEntrySListWrapper@@9@8@4Q6GPAU_SINGLE_LIST_ENTRY@@PAT_SLIST_HEADER@@PAU2@@ZA 1006dbf0     vc_crt_fix_impl.obj
 0003:0000cbf4       ?Function@?1??EncodePointerWrapper@@9@4@4Q6GPAXPAX@ZA 1006dbf4     vc_crt_fix_impl.obj
 0003:0000cbf8       ?Function@?1??DecodePointerWrapper@@9@4@4Q6GPAXPAX@ZA 1006dbf8     vc_crt_fix_impl.obj
 0003:0000cbfc       ?Function@?1??QueryDepthSListWrapper@@9@4@4Q6GGPAT_SLIST_HEADER@@@ZA 1006dbfc     vc_crt_fix_impl.obj
 0003:0000cc00       ?$S9@?1??InterlockedPushEntrySListWrapper@@9@8@4IA 1006dc00     vc_crt_fix_impl.obj
 0003:0000cc04       ?$S11@?1??RtlFirstEntrySListWrapper@@9@4@4IA 1006dc04     vc_crt_fix_impl.obj
 0003:0000cc08       ?$S12@?1??QueryDepthSListWrapper@@9@4@4IA 1006dc08     vc_crt_fix_impl.obj
 0003:0000cc0c       ?Deleter@?1??InitializeSListHead@implementation@slist@@YGXPAT_SLIST_HEADER@@@Z@4Vservice_deleter@23@A 1006dc0c     vc_crt_fix_impl.obj
 0003:0000cc2c       ?$S15@?1??SetThreadStackGuaranteeWrapper@@9@4@4IA 1006dc2c     vc_crt_fix_impl.obj
 0003:0000cc30       ?Function@?1??SetThreadStackGuaranteeWrapper@@9@4@4Q6GHPAK@ZA 1006dc30     vc_crt_fix_impl.obj
 0003:0000cc34       ?Function@?1??LCMapStringExWrapper@@9@36@4Q6GHPB_WK0HPA_WHPAU_nlsversioninfo@@PAXJ@ZA 1006dc34     vc_crt_fix_impl.obj
 0003:0000cc38       ?$S3@?1??DecodePointerWrapper@@9@4@4IA 1006dc38     vc_crt_fix_impl.obj
 0003:0000cc3c       ?Function@?1??InterlockedPushListSListExWrapper@@9@16@4Q6GPAU_SINGLE_LIST_ENTRY@@PAT_SLIST_HEADER@@PAU2@1K@ZA 1006dc3c     vc_crt_fix_impl.obj
 0003:0000cc40       ?Function@?1??GetModuleHandleExWWrapper@@9@12@4Q6GHKPB_WPAPAUHINSTANCE__@@@ZA 1006dc40     vc_crt_fix_impl.obj
 0003:0000cc44       ?$S2@?1??EncodePointerWrapper@@9@4@4IA 1006dc44     vc_crt_fix_impl.obj
 0003:0000cc48       ?Function@?1??GetLogicalProcessorInformationWrapper@@9@8@4Q6GHPAU_SYSTEM_LOGICAL_PROCESSOR_INFORMATION@@PAK@ZA 1006dc48     vc_crt_fix_impl.obj
 0003:0000cc4c       ?$S18@?1??LCMapStringExWrapper@@9@36@4IA 1006dc4c     vc_crt_fix_impl.obj
 0003:0000cc50       ?$S6@?1??InitializeSListHeadWrapper@@9@4@4IA 1006dc50     vc_crt_fix_impl.obj
 0003:0000cc54       ?Function@?1??InitializeCriticalSectionExWrapper@@9@12@4Q6GHPAU_RTL_CRITICAL_SECTION@@KK@ZA 1006dc54     vc_crt_fix_impl.obj
 0003:0000cc58       ?Function@?1??InterlockedFlushSListWrapper@@9@4@4Q6GPAU_SINGLE_LIST_ENTRY@@PAT_SLIST_HEADER@@@ZA 1006dc58     vc_crt_fix_impl.obj
 0003:0000cc5c       ?$S14@?1??GetLogicalProcessorInformationWrapper@@9@8@4IA 1006dc5c     vc_crt_fix_impl.obj
 0003:0000cc60       ?$S13@?1??GetNumaHighestNodeNumberWrapper@@9@4@4IA 1006dc60     vc_crt_fix_impl.obj
 0003:0000cc64       ?Function@?1??InterlockedPopEntrySListWrapper@@9@4@4Q6GPAU_SINGLE_LIST_ENTRY@@PAT_SLIST_HEADER@@@ZA 1006dc64     vc_crt_fix_impl.obj
 0003:0000cc68       ?Function@?1??InitializeSListHeadWrapper@@9@4@4Q6GXPAT_SLIST_HEADER@@@ZA 1006dc68     vc_crt_fix_impl.obj
 0003:0000cc6c       ?$S8@?1??InterlockedPopEntrySListWrapper@@9@4@4IA 1006dc6c     vc_crt_fix_impl.obj
 0003:0000cc70       ?$S5@?1??InitializeSListHead@implementation@slist@@YGXPAT_SLIST_HEADER@@@Z@4IA 1006dc70     vc_crt_fix_impl.obj
 0003:0000cc74       ?$S7@?1??InterlockedFlushSListWrapper@@9@4@4IA 1006dc74     vc_crt_fix_impl.obj
 0003:0000cc78       ?$S10@?1??InterlockedPushListSListExWrapper@@9@16@4IA 1006dc78     vc_crt_fix_impl.obj
 0003:0000cc7c       ?$S16@?1??InitializeCriticalSectionExWrapper@@9@12@4IA 1006dc7c     vc_crt_fix_impl.obj
 0003:0000cc80       ?$S4@?1??GetModuleHandleExWWrapper@@9@12@4IA 1006dc80     vc_crt_fix_impl.obj
 0003:0000cc84       ?Ptr@?1???R<lambda_1>@?1??XorPointer@@YAPAXPAX@Z@QBE@XZ@4PAXA 1006dc84     vc_crt_fix_impl.obj
 0003:0000cc88       ?Function@?1??GetNumaHighestNodeNumberWrapper@@9@4@4Q6GHPAK@ZA 1006dc88     vc_crt_fix_impl.obj
 0004:00000060       $R000000                   1006e060     luafar3.res
